Component: ARM Compiler 5.05 update 1 (build 106) Tool: armlink [4d0efa]

==============================================================================

Section Cross References

    main.o(.text) refers to _printf_percent.o(.ARM.Collect$$_printf_percent$$00000000) for _printf_percent
    main.o(.text) refers to _printf_f.o(.ARM.Collect$$_printf_percent$$00000003) for _printf_f
    main.o(.text) refers to printf1.o(x$fpl$printf1) for _printf_fp_dec
    main.o(.text) refers to misc.o(.text) for NVIC_PriorityGroupConfig
    main.o(.text) refers to delay.o(.text) for delay_init
    main.o(.text) refers to usart.o(.text) for uart_init
    main.o(.text) refers to lcd.o(.text) for LCD_Init
    main.o(.text) refers to adc.o(.text) for Init_adc
    main.o(.text) refers to f2d.o(x$fpl$f2d) for __aeabi_f2d
    main.o(.text) refers to noretval__2sprintf.o(.text) for __2sprintf
    main.o(.text) refers to main.o(.bss) for data2
    system_stm32f4xx.o(.text) refers to system_stm32f4xx.o(.data) for SystemCoreClock
    adc.o(.text) refers to stm32f4xx_rcc.o(.text) for RCC_APB2PeriphClockCmd
    adc.o(.text) refers to stm32f4xx_gpio.o(.text) for GPIO_Init
    adc.o(.text) refers to stm32f4xx_adc.o(.text) for ADC_CommonInit
    adc.o(.text) refers to stm32f4xx_dma.o(.text) for DMA_Init
    adc.o(.text) refers to main.o(.bss) for data2
    led.o(.text) refers to stm32f4xx_rcc.o(.text) for RCC_AHB1PeriphClockCmd
    led.o(.text) refers to stm32f4xx_gpio.o(.text) for GPIO_Init
    lcd.o(.text) refers to _printf_percent.o(.ARM.Collect$$_printf_percent$$00000000) for _printf_percent
    lcd.o(.text) refers to _printf_x.o(.ARM.Collect$$_printf_percent$$0000000C) for _printf_x
    lcd.o(.text) refers to _printf_hex_int.o(.text) for _printf_longlong_hex
    lcd.o(.text) refers to delay.o(.text) for delay_us
    lcd.o(.text) refers to lcd.o(.bss) for lcddev
    lcd.o(.text) refers to lcd.o(.data) for POINT_COLOR
    lcd.o(.text) refers to dflt_clz.o(x$fpl$dfltu) for __aeabi_ui2d
    lcd.o(.text) refers to dmul.o(x$fpl$dmul) for __aeabi_dmul
    lcd.o(.text) refers to dfixu.o(x$fpl$dfixu) for __aeabi_d2uiz
    lcd.o(.text) refers to stm32f4xx_rcc.o(.text) for RCC_AHB1PeriphClockCmd
    lcd.o(.text) refers to stm32f4xx_gpio.o(.text) for GPIO_Init
    lcd.o(.text) refers to stm32f4xx_fsmc.o(.text) for FSMC_NORSRAMInit
    lcd.o(.text) refers to noretval__2printf.o(.text) for __2printf
    lcd.o(.text) refers to lcd.o(.constdata) for asc2_1206
    delay.o(.text) refers to misc.o(.text) for SysTick_CLKSourceConfig
    delay.o(.text) refers to delay.o(.data) for fac_us
    usart.o(.rev16_text) refers (Special) to use_no_semi_2.o(.text) for __use_no_semihosting
    usart.o(.revsh_text) refers (Special) to use_no_semi_2.o(.text) for __use_no_semihosting
    usart.o(.text) refers (Special) to use_no_semi_2.o(.text) for __use_no_semihosting
    usart.o(.text) refers to stm32f4xx_rcc.o(.text) for RCC_AHB1PeriphClockCmd
    usart.o(.text) refers to stm32f4xx_gpio.o(.text) for GPIO_PinAFConfig
    usart.o(.text) refers to stm32f4xx_usart.o(.text) for USART_Init
    usart.o(.text) refers to misc.o(.text) for NVIC_Init
    usart.o(.text) refers to usart.o(.data) for USART_RX_STA
    usart.o(.text) refers to usart.o(.bss) for USART_RX_BUF
    usart.o(.bss) refers (Special) to use_no_semi_2.o(.text) for __use_no_semihosting
    usart.o(.data) refers (Special) to use_no_semi_2.o(.text) for __use_no_semihosting
    startup_stm32f40_41xxx.o(STACK) refers (Special) to heapauxi.o(.text) for __use_two_region_memory
    startup_stm32f40_41xxx.o(HEAP) refers (Special) to heapauxi.o(.text) for __use_two_region_memory
    startup_stm32f40_41xxx.o(RESET) refers (Special) to heapauxi.o(.text) for __use_two_region_memory
    startup_stm32f40_41xxx.o(RESET) refers to startup_stm32f40_41xxx.o(STACK) for __initial_sp
    startup_stm32f40_41xxx.o(RESET) refers to startup_stm32f40_41xxx.o(.text) for Reset_Handler
    startup_stm32f40_41xxx.o(RESET) refers to stm32f4xx_it.o(.text) for NMI_Handler
    startup_stm32f40_41xxx.o(RESET) refers to usart.o(.text) for USART1_IRQHandler
    startup_stm32f40_41xxx.o(.text) refers (Special) to heapauxi.o(.text) for __use_two_region_memory
    startup_stm32f40_41xxx.o(.text) refers to system_stm32f4xx.o(.text) for SystemInit
    startup_stm32f40_41xxx.o(.text) refers to __main.o(!!!main) for __main
    startup_stm32f40_41xxx.o(.text) refers to startup_stm32f40_41xxx.o(HEAP) for Heap_Mem
    startup_stm32f40_41xxx.o(.text) refers to startup_stm32f40_41xxx.o(STACK) for Stack_Mem
    stm32f4xx_gpio.o(.text) refers to stm32f4xx_rcc.o(.text) for RCC_AHB1PeriphResetCmd
    stm32f4xx_fsmc.o(.text) refers to stm32f4xx_fsmc.o(.constdata) for FSMC_DefaultTimingStruct
    stm32f4xx_usart.o(.text) refers to stm32f4xx_rcc.o(.text) for RCC_APB2PeriphResetCmd
    stm32f4xx_syscfg.o(.text) refers to stm32f4xx_rcc.o(.text) for RCC_APB2PeriphResetCmd
    stm32f4xx_rcc.o(.text) refers to stm32f4xx_rcc.o(.data) for APBAHBPrescTable
[...]
    ../clib/printf.c                         0x00000000   Number         0  __2printf.o ABSOLUTE
    ../clib/printf.c                         0x00000000   Number         0  _printf_hex_int_ll.o ABSOLUTE
    ../clib/printf.c                         0x00000000   Number         0  __printf_flags_ss_wp.o ABSOLUTE
    ../clib/printf.c                         0x00000000   Number         0  _printf_hex_ptr.o ABSOLUTE
    ../clib/printf.c                         0x00000000   Number         0  _printf_hex_ll_ptr.o ABSOLUTE
    ../clib/printf.c                         0x00000000   Number         0  _printf_hex_int_ll_ptr.o ABSOLUTE
    ../clib/printf.c                         0x00000000   Number         0  __printf_flags.o ABSOLUTE
    ../clib/printf.c                         0x00000000   Number         0  __printf_ss.o ABSOLUTE
    ../clib/printf.c                         0x00000000   Number         0  __printf_flags_ss.o ABSOLUTE
    ../clib/printf.c                         0x00000000   Number         0  __printf_wp.o ABSOLUTE
    ../clib/printf.c                         0x00000000   Number         0  __printf_flags_wp.o ABSOLUTE
    ../clib/printf.c                         0x00000000   Number         0  __printf_nopercent.o ABSOLUTE
    ../clib/printf.c                         0x00000000   Number         0  _printf_fp_infnan.o ABSOLUTE
    ../clib/printf.c                         0x00000000   Number         0  _printf_intcommon.o ABSOLUTE
    ../clib/printf.c                         0x00000000   Number         0  _printf_fp_dec.o ABSOLUTE
    ../clib/printf.c                         0x00000000   Number         0  _printf_char_common.o ABSOLUTE
    ../clib/printf.c                         0x00000000   Number         0  __printf_ss_wp.o ABSOLUTE
    ../clib/printf.c                         0x00000000   Number         0  _sputc.o ABSOLUTE
    ../clib/printf.c                         0x00000000   Number         0  _printf_hex_int_ptr.o ABSOLUTE
    ../clib/printf.c                         0x00000000   Number         0  __2sprintf.o ABSOLUTE
    ../clib/printf.c                         0x00000000   Number         0  noretval__2printf.o ABSOLUTE
    ../clib/printf.c                         0x00000000   Number         0  _printf_char_file.o ABSOLUTE
    ../clib/printf.c                         0x00000000   Number         0  noretval__2sprintf.o ABSOLUTE
    ../clib/printf_percent.s                 0x00000000   Number         0  _printf_x.o ABSOLUTE
    ../clib/printf_percent.s                 0x00000000   Number         0  _printf_f.o ABSOLUTE
    ../clib/printf_percent.s                 0x00000000   Number         0  _printf_percent.o ABSOLUTE
    ../clib/printf_percent.s                 0x00000000   Number         0  _printf_percent_end.o ABSOLUTE
    ../clib/signal.c                         0x00000000   Number         0  defsig_cppl_inner.o ABSOLUTE
    ../clib/signal.c                         0x00000000   Number         0  defsig_segv_inner.o ABSOLUTE
    ../clib/signal.c                         0x00000000   Number         0  defsig_rtmem_formal.o ABSOLUTE
    ../clib/signal.c                         0x00000000   Number         0  defsig_rtmem_outer.o ABSOLUTE
    ../clib/signal.c                         0x00000000   Number         0  defsig_general.o ABSOLUTE
    ../clib/signal.c                         0x00000000   Number         0  defsig_fpe_inner.o ABSOLUTE
    ../clib/signal.c                         0x00000000   Number         0  defsig_rtred_inner.o ABSOLUTE
    ../clib/signal.c                         0x00000000   Number         0  defsig_stak_inner.o ABSOLUTE
    ../clib/signal.c                         0x00000000   Number         0  defsig_pvfn_inner.o ABSOLUTE
    ../clib/signal.c                         0x00000000   Number         0  __raise.o ABSOLUTE
    ../clib/signal.c                         0x00000000   Number         0  defsig_rtmem_inner.o ABSOLUTE
    ../clib/signal.c                         0x00000000   Number         0  defsig_exit.o ABSOLUTE
    ../clib/signal.c                         0x00000000   Number         0  defsig_other.o ABSOLUTE
    ../clib/signal.c                         0x00000000   Number         0  defsig_abrt_inner.o ABSOLUTE
    ../clib/signal.s                         0x00000000   Number         0  defsig.o ABSOLUTE
    ../clib/stdio.c                          0x00000000   Number         0  ferror_locked.o ABSOLUTE
    ../clib/stdio.c                          0x00000000   Number         0  ferror.o ABSOLUTE
    ../clib/stdlib.c                         0x00000000   Number         0  exit.o ABSOLUTE
    ../fplib/dfixu.s                         0x00000000   Number         0  dfixu.o ABSOLUTE
    ../fplib/dflt.s                          0x00000000   Number         0  dflt_clz.o ABSOLUTE
    ../fplib/dmul.s                          0x00000000   Number         0  dmul.o ABSOLUTE
    ../fplib/dnaninf.s                       0x00000000   Number         0  dnaninf.o ABSOLUTE
    ../fplib/dretinf.s                       0x00000000   Number         0  dretinf.o ABSOLUTE
    ../fplib/f2d.s                           0x00000000   Number         0  f2d.o ABSOLUTE
    ../fplib/fnaninf.s                       0x00000000   Number         0  fnaninf.o ABSOLUTE
    ../fplib/fpinit.s                        0x00000000   Number         0  fpinit.o ABSOLUTE
    ../fplib/istatus.s                       0x00000000   Number         0  istatus.o ABSOLUTE
    ../fplib/printf1.s                       0x00000000   Number         0  printf1.o ABSOLUTE
    ../fplib/usenofp.s                       0x00000000   Number         0  usenofp.o ABSOLUTE
    ../mathlib/fpclassify.c                  0x00000000   Number         0  fpclassify.o ABSOLUTE
    ..\CORE\startup_stm32f40_41xxx.s         0x00000000   Number         0  startup_stm32f40_41xxx.o ABSOLUTE
    ..\FWLIB\src\misc.c                      0x00000000   Number         0  misc.o ABSOLUTE
    ..\FWLIB\src\stm32f4xx_adc.c             0x00000000   Number         0  stm32f4xx_adc.o ABSOLUTE
    ..\FWLIB\src\stm32f4xx_dma.c             0x00000000   Number         0  stm32f4xx_dma.o ABSOLUTE
    ..\FWLIB\src\stm32f4xx_fsmc.c            0x00000000   Number         0  stm32f4xx_fsmc.o ABSOLUTE
    ..\FWLIB\src\stm32f4xx_gpio.c            0x00000000   Number         0  stm32f4xx_gpio.o ABSOLUTE
    ..\FWLIB\src\stm32f4xx_rcc.c             0x00000000   Number         0  stm32f4xx_rcc.o ABSOLUTE
    ..\FWLIB\src\stm32f4xx_syscfg.c          0x00000000   Number         0  stm32f4xx_syscfg.o ABSOLUTE
    ..\FWLIB\src\stm32f4xx_usart.c           0x00000000   Number         0  stm32f4xx_usart.o ABSOLUTE
    ..\HARDWARE\LCD\lcd.c                    0x00000000   Number         0  lcd.o ABSOLUTE
    ..\HARDWARE\LED\led.c                    0x00000000   Number         0  led.o ABSOLUTE
    ..\SYSTEM\delay\delay.c                  0x00000000   Number         0  delay.o ABSOLUTE
    ..\SYSTEM\sys\sys.c                      0x00000000   Number         0  sys.o ABSOLUTE
    ..\SYSTEM\usart\usart.c                  0x00000000   Number         0  usart.o ABSOLUTE
    ..\\FWLIB\\src\\misc.c                   0x00000000   Number         0  misc.o ABSOLUTE
    ..\\FWLIB\\src\\stm32f4xx_adc.c          0x00000000   Number         0  stm32f4xx_adc.o ABSOLUTE
    ..\\FWLIB\\src\\stm32f4xx_dma.c          0x00000000   Number         0  stm32f4xx_dma.o ABSOLUTE
    ..\\FWLIB\\src\\stm32f4xx_fsmc.c         0x00000000   Number         0  stm32f4xx_fsmc.o ABSOLUTE
    ..\\FWLIB\\src\\stm32f4xx_gpio.c         0x00000000   Number         0  stm32f4xx_gpio.o ABSOLUTE
    ..\\FWLIB\\src\\stm32f4xx_rcc.c          0x00000000   Number         0  stm32f4xx_rcc.o ABSOLUTE
    ..\\FWLIB\\src\\stm32f4xx_syscfg.c       0x00000000   Number         0  stm32f4xx_syscfg.o ABSOLUTE
    ..\\FWLIB\\src\\stm32f4xx_usart.c        0x00000000   Number         0  stm32f4xx_usart.o ABSOLUTE
    ..\\HARDWARE\\LCD\\lcd.c                 0x00000000   Number         0  lcd.o ABSOLUTE
    ..\\HARDWARE\\LED\\led.c                 0x00000000   Number         0  led.o ABSOLUTE
    ..\\SYSTEM\\delay\\delay.c               0x00000000   Number         0  delay.o ABSOLUTE
    ..\\SYSTEM\\sys\\sys.c                   0x00000000   Number         0  sys.o ABSOLUTE
    ..\\SYSTEM\\usart\\usart.c               0x00000000   Number         0  usart.o ABSOLUTE
    adc.c                                    0x00000000   Number         0  adc.o ABSOLUTE
    adc.c                                    0x00000000   Number         0  adc.o ABSOLUTE
    dc.s                                     0x00000000   Number         0  dc.o ABSOLUTE
    main.c                                   0x00000000   Number         0  main.o ABSOLUTE
    main.c                                   0x00000000   Number         0  main.o ABSOLUTE
    stm32f4xx_it.c                           0x00000000   Number         0  stm32f4xx_it.o ABSOLUTE
    stm32f4xx_it.c                           0x00000000   Number         0  stm32f4xx_it.o ABSOLUTE
    system_stm32f4xx.c                       0x00000000   Number         0  system_stm32f4xx.o ABSOLUTE
    system_stm32f4xx.c                       0x00000000   Number         0  system_stm32f4xx.o ABSOLUTE
    RESET                                    0x08000000   Section      392  startup_stm32f40_41xxx.o(RESET)
    !!!main                                  0x08000188   Section        8  __main.o(!!!main)
    !!!scatter                               0x08000190   Section       52  __scatter.o(!!!scatter)
    !!handler_copy                           0x080001c4   Section       26  __scatter_copy.o(!!handler_copy)
    !!handler_zi                             0x080001e0   Section       28  __scatter_zi.o(!!handler_zi)
    .ARM.Collect$$_printf_percent$$00000000  0x080001fc   Section        0  _printf_percent.o(.ARM.Collect$$_printf_percent$$00000000)
    .ARM.Collect$$_printf_percent$$00000003  0x080001fc   Section        6  _printf_f.o(.ARM.Collect$$_printf_percent$$00000003)
    .ARM.Collect$$_printf_percent$$0000000C  0x08000202   Section        6  _printf_x.o(.ARM.Collect$$_printf_percent$$0000000C)
    .ARM.Collect$$_printf_percent$$00000017  0x08000208   Section        4  _printf_percent_end.o(.ARM.Collect$$_printf_percent$$00000017)
    .ARM.Collect$$libinit$$00000000          0x0800020c   Section        2  libinit.o(.ARM.Collect$$libinit$$00000000)
    .ARM.Collect$$libinit$$00000001          0x0800020e   Section        4  libinit2.o(.ARM.Collect$$libinit$$00000001)
    .ARM.Collect$$libinit$$00000004          0x08000212   Section        0  libinit2.o(.ARM.Collect$$libinit$$00000004)
    .ARM.Collect$$libinit$$0000000A          0x08000212   Section        0  libinit2.o(.ARM.Collect$$libinit$$0000000A)
    .ARM.Collect$$libinit$$0000000C          0x08000212   Section        0  libinit2.o(.ARM.Collect$$libinit$$0000000C)
    .ARM.Collect$$libinit$$0000000E          0x08000212   Section        0  libinit2.o(.ARM.Collect$$libinit$$0000000E)
    .ARM.Collect$$libinit$$0000000F          0x08000212   Section        6  libinit2.o(.ARM.Collect$$libinit$$0000000F)
    .ARM.Collect$$libinit$$00000011          0x08000218   Section        0  libinit2.o(.ARM.Collect$$libinit$$00000011)
    .ARM.Collect$$libinit$$00000013          0x08000218   Section        0  libinit2.o(.ARM.Collect$$libinit$$00000013)
    .ARM.Collect$$libinit$$00000015          0x08000218   Section        0  libinit2.o(.ARM.Collect$$libinit$$00000015)
    .ARM.Collect$$libinit$$00000016          0x08000218   Section       10  libinit2.o(.ARM.Collect$$libinit$$00000016)
    .ARM.Collect$$libinit$$00000017          0x08000222   Section        0  libinit2.o(.ARM.Collect$$libinit$$00000017)
    .ARM.Collect$$libinit$$00000019          0x08000222   Section        0  libinit2.o(.ARM.Collect$$libinit$$00000019)
    .ARM.Collect$$libinit$$0000001B          0x08000222   Section        0  libinit2.o(.ARM.Collect$$libinit$$0000001B)
    .ARM.Collect$$libinit$$0000001D          0x08000222   Section        0  libinit2.o(.ARM.Collect$$libinit$$0000001D)
    .ARM.Collect$$libinit$$0000001F          0x08000222   Section        0  libinit2.o(.ARM.Collect$$libinit$$0000001F)
    .ARM.Collect$$libinit$$00000021          0x08000222   Section        0  libinit2.o(.ARM.Collect$$libinit$$00000021)
    .ARM.Collect$$libinit$$00000023          0x08000222   Section        0  libinit2.o(.ARM.Collect$$libinit$$00000023)
    .ARM.Collect$$libinit$$00000025          0x08000222   Section        0  libinit2.o(.ARM.Collect$$libinit$$00000025)
    .ARM.Collect$$libinit$$0000002C          0x08000222   Section        0  libinit2.o(.ARM.Collect$$libinit$$0000002C)
    .ARM.Collect$$libinit$$0000002E          0x08000222   Section        0  libinit2.o(.ARM.Collect$$libinit$$0000002E)
    .ARM.Collect$$libinit$$00000030          0x08000222   Section        0  libinit2.o(.ARM.Collect$$libinit$$00000030)
    .ARM.Collect$$libinit$$00000032          0x08000222   Section        0  libinit2.o(.ARM.Collect$$libinit$$00000032)
    .ARM.Collect$$libinit$$00000033          0x08000222   Section        2  libinit2.o(.ARM.Collect$$libinit$$00000033)
    .ARM.Collect$$libshutdown$$00000000      0x08000224   Section        2  libshutdown.o(.ARM.Collect$$libshutdown$$00000000)
    .ARM.Collect$$libshutdown$$00000003      0x08000226   Section        0  libshutdown2.o(.ARM.Collect$$libshutdown$$00000003)
    .ARM.Collect$$libshutdown$$00000006      0x08000226   Section        0  libshutdown2.o(.ARM.Collect$$libshutdown$$00000006)
    .ARM.Collect$$libshutdown$$00000009      0x08000226   Section        0  libshutdown2.o(.ARM.Collect$$libshutdown$$00000009)
    .ARM.Collect$$libshutdown$$0000000B      0x08000226   Section        0  libshutdown2.o(.ARM.Collect$$libshutdown$$0000000B)
    .ARM.Collect$$libshutdown$$0000000E      0x08000226   Section        0  libshutdown2.o(.ARM.Collect$$libshutdown$$0000000E)
    .ARM.Collect$$libshutdown$$0000000F      0x08000226   Section        2  libshutdown2.o(.ARM.Collect$$libshutdown$$0000000F)
    .ARM.Collect$$rtentry$$00000000          0x08000228   Section        0  __rtentry.o(.ARM.Collect$$rtentry$$00000000)
    .ARM.Collect$$rtentry$$00000002          0x08000228   Section        0  __rtentry2.o(.ARM.Collect$$rtentry$$00000002)
    .ARM.Collect$$rtentry$$00000004          0x08000228   Section        6  __rtentry4.o(.ARM.Collect$$rtentry$$00000004)
    .ARM.Collect$$rtentry$$00000009          0x0800022e   Section        0  __rtentry2.o(.ARM.Collect$$rtentry$$00000009)
    .ARM.Collect$$rtentry$$0000000A          0x0800022e   Section        4  __rtentry2.o(.ARM.Collect$$rtentry$$0000000A)
    .ARM.Collect$$rtentry$$0000000C          0x08000232   Section        0  __rtentry2.o(.ARM.Collect$$rtentry$$0000000C)
    .ARM.Collect$$rtentry$$0000000D          0x08000232   Section        8  __rtentry2.o(.ARM.Collect$$rtentry$$0000000D)
    .ARM.Collect$$rtexit$$00000000           0x0800023a   Section        2  rtexit.o(.ARM.Collect$$rtexit$$00000000)
    .ARM.Collect$$rtexit$$00000002           0x0800023c   Section        0  rtexit2.o(.ARM.Collect$$rtexit$$00000002)
    .ARM.Collect$$rtexit$$00000003           0x0800023c   Section        4  rtexit2.o(.ARM.Collect$$rtexit$$00000003)
    .ARM.Collect$$rtexit$$00000004           0x08000240   Section        6  rtexit2.o(.ARM.Collect$$rtexit$$00000004)
    .text                                    0x08000248   Section        0  main.o(.text)
    .text                                    0x08000398   Section        0  stm32f4xx_it.o(.text)
    .text                                    0x080003b4   Section        0  system_stm32f4xx.o(.text)
    SetSysClock                              0x080003b5   Thumb Code   220  system_stm32f4xx.o(.text)
    .text                                    0x080005c4   Section        0  adc.o(.text)
    .text                                    0x080006ec   Section        0  lcd.o(.text)
    .text                                    0x0800536c   Section        0  delay.o(.text)
    .text                                    0x08005470   Section        0  usart.o(.text)
    .text                                    0x080055bc   Section       64  startup_stm32f40_41xxx.o(.text)
    $v0                                      0x080055bc   Number         0  startup_stm32f40_41xxx.o(.text)
    .text                                    0x080055fc   Section        0  misc.o(.text)
    .text                                    0x080056dc   Section        0  stm32f4xx_dma.o(.text)
    .text                                    0x08005a84   Section        0  stm32f4xx_gpio.o(.text)
    .text                                    0x08005d18   Section        0  stm32f4xx_fsmc.o(.text)
    .text                                    0x080062e0   Section        0  stm32f4xx_usart.o(.text)
    .text                                    0x08006734   Section        0  stm32f4xx_rcc.o(.text)
    .text                                    0x08006d90   Section        0  stm32f4xx_adc.o(.text)
    .text                                    0x080071f4   Section        2  use_no_semi_2.o(.text)
    .text                                    0x080071f8   Section        0  noretval__2printf.o(.text)
    .text                                    0x08007210   Section        0  noretval__2sprintf.o(.text)
    .text                                    0x08007238   Section        0  _printf_hex_int.o(.text)
    .text                                    0x08007290   Section        0  __printf_ss_wp.o(.text)
    .text                                    0x080073f0   Section        0  heapauxi.o(.text)
    .text                                    0x080073f6   Section        2  use_no_semi.o(.text)
    .text                                    0x080073f8   Section        0  _printf_intcommon.o(.text)
    .text                                    0x080074aa   Section        0  _printf_fp_dec.o(.text)
    _fp_digits                               0x080074ad   Thumb Code   428  _printf_fp_dec.o(.text)
    .text                                    0x080078c4   Section        0  _printf_char_common.o(.text)
    _printf_input_char                       0x080078c5   Thumb Code    10  _printf_char_common.o(.text)
    .text                                    0x080078f4   Section        0  _sputc.o(.text)
    .text                                    0x08007900   Section        0  _printf_char_file.o(.text)
    .text                                    0x08007924   Section        8  rt_locale_intlibspace.o(.text)
    .text                                    0x0800792c   Section      138  lludiv10.o(.text)
    .text                                    0x080079b8   Section        0  _printf_fp_infnan.o(.text)
    .text                                    0x08007a38   Section        0  bigflt0.o(.text)
    .text                                    0x08007b14   Section        0  ferror.o(.text)
    .text                                    0x08007b1c   Section        8  libspace.o(.text)
    .text                                    0x08007b24   Section       74  sys_stackheap_outer.o(.text)
    .text                                    0x08007b6e   Section        0  exit.o(.text)
    .text                                    0x08007b7c   Section      128  strcmpv7m.o(.text)
    CL$$btod_d2e                             0x08007bfc   Section       62  btod.o(CL$$btod_d2e)
    CL$$btod_d2e_denorm_low                  0x08007c3a   Section       70  btod.o(CL$$btod_d2e_denorm_low)
    CL$$btod_d2e_norm_op1                    0x08007c80   Section       96  btod.o(CL$$btod_d2e_norm_op1)
    CL$$btod_div_common                      0x08007ce0   Section      824  btod.o(CL$$btod_div_common)
    CL$$btod_e2e                             0x08008018   Section      198  btod.o(CL$$btod_e2e)
    CL$$btod_ediv                            0x080080de   Section       40  btod.o(CL$$btod_ediv)
    CL$$btod_emul                            0x08008106   Section       40  btod.o(CL$$btod_emul)
    CL$$btod_mult_common                     0x0800812e   Section      580  btod.o(CL$$btod_mult_common)
    i.__ARM_fpclassify                       0x08008372   Section        0  fpclassify.o(i.__ARM_fpclassify)
    i._is_digit                              0x080083a2   Section        0  __printf_wp.o(i._is_digit)
    locale$$code                             0x080083b0   Section       44  lc_numeric_c.o(locale$$code)
    x$fpl$dfixu                              0x080083dc   Section       90  dfixu.o(x$fpl$dfixu)
    $v0                                      0x080083dc   Number         0  dfixu.o(x$fpl$dfixu)
    x$fpl$dfltu                              0x08008436   Section       38  dflt_clz.o(x$fpl$dfltu)
    $v0                                      0x08008436   Number         0  dflt_clz.o(x$fpl$dfltu)
    x$fpl$dmul                               0x0800845c   Section      340  dmul.o(x$fpl$dmul)
    $v0                                      0x0800845c   Number         0  dmul.o(x$fpl$dmul)
    x$fpl$dnaninf                            0x080085b0   Section      156  dnaninf.o(x$fpl$dnaninf)
    $v0                                      0x080085b0   Number         0  dnaninf.o(x$fpl$dnaninf)
    x$fpl$dretinf                            0x0800864c   Section       12  dretinf.o(x$fpl$dretinf)
    $v0                                      0x0800864c   Number         0  dretinf.o(x$fpl$dretinf)
    x$fpl$f2d                                0x08008658   Section       86  f2d.o(x$fpl$f2d)
    $v0                                      0x08008658   Number         0  f2d.o(x$fpl$f2d)
    x$fpl$fnaninf                            0x080086ae   Section      140  fnaninf.o(x$fpl$fnaninf)
    $v0                                      0x080086ae   Number         0  fnaninf.o(x$fpl$fnaninf)
    x$fpl$fpinit                             0x0800873a   Section       10  fpinit.o(x$fpl$fpinit)
    $v0                                      0x0800873a   Number         0  fpinit.o(x$fpl$fpinit)
    x$fpl$printf1                            0x08008744   Section        4  printf1.o(x$fpl$printf1)
    $v0                                      0x08008744   Number         0  printf1.o(x$fpl$printf1)
    .constdata                               0x08008748   Section     6080  lcd.o(.constdata)
    x$fpl$usenofp                            0x08008748   Section        0  usenofp.o(x$fpl$usenofp)
    .constdata                               0x08009f08   Section       28  stm32f4xx_fsmc.o(.constdata)
    .constdata                               0x08009f24   Section       40  _printf_hex_int.o(.constdata)
    uc_hextab                                0x08009f24   Data          20  _printf_hex_int.o(.constdata)
    lc_hextab                                0x08009f38   Data          20  _printf_hex_int.o(.constdata)
    .constdata                               0x08009f4c   Section      148  bigflt0.o(.constdata)
    tenpwrs_x                                0x08009f4c   Data          60  bigflt0.o(.constdata)
    tenpwrs_i                                0x08009f88   Data          64  bigflt0.o(.constdata)
    locale$$data                             0x0800a000   Section       28  lc_numeric_c.o(locale$$data)
    __lcnum_c_name                           0x0800a004   Data           2  lc_numeric_c.o(locale$$data)
    __lcnum_c_start                          0x0800a00c   Data           0  lc_numeric_c.o(locale$$data)
    __lcnum_c_point                          0x0800a018   Data           0  lc_numeric_c.o(locale$$data)
    __lcnum_c_thousands                      0x0800a01a   Data           0  lc_numeric_c.o(locale$$data)
    __lcnum_c_grouping                       0x0800a01b   Data           0  lc_numeric_c.o(locale$$data)
    __lcnum_c_end                            0x0800a01c   Data           0  lc_numeric_c.o(locale$$data)
    .data                                    0x20000000   Section       20  system_stm32f4xx.o(.data)
    .data                                    0x20000014   Section        4  lcd.o(.data)
    .data                                    0x20000018   Section        4  delay.o(.data)
    fac_us                                   0x20000018   Data           1  delay.o(.data)
    fac_ms                                   0x2000001a   Data           2  delay.o(.data)
    .data                                    0x2000001c   Section        6  usart.o(.data)
    .data                                    0x20000022   Section       16  stm32f4xx_rcc.o(.data)
    APBAHBPrescTable                         0x20000022   Data          16  stm32f4xx_rcc.o(.data)
    .bss                                     0x20000034   Section       36  main.o(.bss)
    .bss                                     0x20000058   Section       14  lcd.o(.bss)
    .bss                                     0x20000066   Section      200  usart.o(.bss)
    .bss                                     0x20000130   Section       96  libspace.o(.bss)
    HEAP                                     0x20000190   Section      512  startup_stm32f40_41xxx.o(HEAP)
    Heap_Mem                                 0x20000190   Data         512  startup_stm32f40_41xxx.o(HEAP)
    STACK                                    0x20000390   Section     1024  startup_stm32f40_41xxx.o(STACK)
    Stack_Mem                                0x20000390   Data        1024  startup_stm32f40_41xxx.o(STACK)
    __initial_sp                             0x20000790   Data           0  startup_stm32f40_41xxx.o(STACK)

    Global Symbols

    Symbol Name                              Value     Ov Type        Size  Object(Section)

    BuildAttributes$$THM_ISAv4$E$P$D$K$B$S$7EM$VFPi3$EXTD16$VFPS$VFMA$PE$A:L22UL41UL21$X:L11$S22US41US21$IEEE1$IW$USESV6$~STKCKD$USESV7$~SHL$OTIME$ROPI$IEEEJ$EBA8$UX$STANDARDLIB$REQ8$PRES8$EABIv2 0x00000000   Number         0  anon$$obj.o ABSOLUTE
    __ARM_use_no_argv                        0x00000000   Number         0  main.o ABSOLUTE
    _printf_flags                            0x00000000   Number         0  printf_stubs.o ABSOLUTE
    _printf_return_value                     0x00000000   Number         0  printf_stubs.o ABSOLUTE
    _printf_sizespec                         0x00000000   Number         0  printf_stubs.o ABSOLUTE
    _printf_widthprec                        0x00000000   Number         0  printf_stubs.o ABSOLUTE
    __ARM_exceptions_init                     - Undefined Weak Reference
    __alloca_initialize                       - Undefined Weak Reference
    __arm_preinit_                            - Undefined Weak Reference
    __cpp_initialize__aeabi_                  - Undefined Weak Reference
    __cxa_finalize                            - Undefined Weak Reference
    __sigvec_lookup                           - Undefined Weak Reference
    _atexit_init                              - Undefined Weak Reference
    _call_atexit_fns                          - Undefined Weak Reference
    _clock_init                               - Undefined Weak Reference
    _fp_trap_init                             - Undefined Weak Reference
    _fp_trap_shutdown                         - Undefined Weak Reference
    _get_lc_collate                           - Undefined Weak Reference
    _get_lc_ctype                             - Undefined Weak Reference
    _get_lc_monetary                          - Undefined Weak Reference
    _get_lc_time                              - Undefined Weak Reference
    _getenv_init                              - Undefined Weak Reference
    _handle_redirection                       - Undefined Weak Reference
    _init_alloc                               - Undefined Weak Reference
    _init_user_alloc                          - Undefined Weak Reference
    _initio                                   - Undefined Weak Reference
    _mutex_acquire                            - Undefined Weak Reference
    _mutex_release                            - Undefined Weak Reference
    _printf_post_padding                      - Undefined Weak Reference
    _printf_pre_padding                       - Undefined Weak Reference
    _printf_truncate_unsigned                 - Undefined Weak Reference
    _rand_init                                - Undefined Weak Reference
    _signal_finish                            - Undefined Weak Reference
    _signal_init                              - Undefined Weak Reference
    _terminate_alloc                          - Undefined Weak Reference
    _terminate_user_alloc                     - Undefined Weak Reference
    _terminateio                              - Undefined Weak Reference
    __Vectors_Size                           0x00000188   Number         0  startup_stm32f40_41xxx.o ABSOLUTE
    __Vectors                                0x08000000   Data           4  startup_stm32f40_41xxx.o(RESET)
    __Vectors_End                            0x08000188   Data           0  startup_stm32f40_41xxx.o(RESET)
    __main                                   0x08000189   Thumb Code     8  __main.o(!!!main)
    __scatterload                            0x08000191   Thumb Code     0  __scatter.o(!!!scatter)
    __scatterload_rt2                        0x08000191   Thumb Code    44  __scatter.o(!!!scatter)
    __scatterload_rt2_thumb_only             0x08000191   Thumb Code     0  __scatter.o(!!!scatter)
    __scatterload_null                       0x0800019f   Thumb Code     0  __scatter.o(!!!scatter)
    __scatterload_copy                       0x080001c5   Thumb Code    26  __scatter_copy.o(!!handler_copy)
    __scatterload_zeroinit                   0x080001e1   Thumb Code    28  __scatter_zi.o(!!handler_zi)
    _printf_f                                0x080001fd   Thumb Code     0  _printf_f.o(.ARM.Collect$$_printf_percent$$00000003)
    _printf_percent                          0x080001fd   Thumb Code     0  _printf_percent.o(.ARM.Collect$$_printf_percent$$00000000)
    _printf_x                                0x08000203   Thumb Code     0  _printf_x.o(.ARM.Collect$$_printf_percent$$0000000C)
    _printf_percent_end                      0x08000209   Thumb Code     0  _printf_percent_end.o(.ARM.Collect$$_printf_percent$$00000017)
    __rt_lib_init                            0x0800020d   Thumb Code     0  libinit.o(.ARM.Collect$$libinit$$00000000)
    __rt_lib_init_fp_1                       0x0800020f   Thumb Code     0  libinit2.o(.ARM.Collect$$libinit$$00000001)
    __rt_lib_init_heap_1                     0x08000213   Thumb Code     0  libinit2.o(.ARM.Collect$$libinit$$0000000A)
    __rt_lib_init_lc_common                  0x08000213   Thumb Code     0  libinit2.o(.ARM.Collect$$libinit$$0000000F)
    __rt_lib_init_preinit_1                  0x08000213   Thumb Code     0  libinit2.o(.ARM.Collect$$libinit$$00000004)
    __rt_lib_init_rand_1                     0x08000213   Thumb Code     0  libinit2.o(.ARM.Collect$$libinit$$0000000E)
    __rt_lib_init_user_alloc_1               0x08000213   Thumb Code     0  libinit2.o(.ARM.Collect$$libinit$$0000000C)
    __rt_lib_init_lc_collate_1               0x08000219   Thumb Code     0  libinit2.o(.ARM.Collect$$libinit$$00000011)
    __rt_lib_init_lc_ctype_1                 0x08000219   Thumb Code     0  libinit2.o(.ARM.Collect$$libinit$$00000013)
    __rt_lib_init_lc_monetary_1              0x08000219   Thumb Code     0  libinit2.o(.ARM.Collect$$libinit$$00000015)
    __rt_lib_init_lc_numeric_2               0x08000219   Thumb Code     0  libinit2.o(.ARM.Collect$$libinit$$00000016)
    __rt_lib_init_alloca_1                   0x08000223   Thumb Code     0  libinit2.o(.ARM.Collect$$libinit$$0000002E)
    __rt_lib_init_argv_1                     0x08000223   Thumb Code     0  libinit2.o(.ARM.Collect$$libinit$$0000002C)
    __rt_lib_init_atexit_1                   0x08000223   Thumb Code     0  libinit2.o(.ARM.Collect$$libinit$$0000001B)
    __rt_lib_init_clock_1                    0x08000223   Thumb Code     0  libinit2.o(.ARM.Collect$$libinit$$00000021)
    __rt_lib_init_cpp_1                      0x08000223   Thumb Code     0  libinit2.o(.ARM.Collect$$libinit$$00000032)
    __rt_lib_init_exceptions_1               0x08000223   Thumb Code     0  libinit2.o(.ARM.Collect$$libinit$$00000030)
    __rt_lib_init_fp_trap_1                  0x08000223   Thumb Code     0  libinit2.o(.ARM.Collect$$libinit$$0000001F)
    __rt_lib_init_getenv_1                   0x08000223   Thumb Code     0  libinit2.o(.ARM.Collect$$libinit$$00000023)
    __rt_lib_init_lc_numeric_1               0x08000223   Thumb Code     0  libinit2.o(.ARM.Collect$$libinit$$00000017)
    __rt_lib_init_lc_time_1                  0x08000223   Thumb Code     0  libinit2.o(.ARM.Collect$$libinit$$00000019)
    __rt_lib_init_return                     0x08000223   Thumb Code     0  libinit2.o(.ARM.Collect$$libinit$$00000033)
    __rt_lib_init_signal_1                   0x08000223   Thumb Code     0  libinit2.o(.ARM.Collect$$libinit$$0000001D)
    __rt_lib_init_stdio_1                    0x08000223   Thumb Code     0  libinit2.o(.ARM.Collect$$libinit$$00000025)
    __rt_lib_shutdown                        0x08000225   Thumb Code     0  libshutdown.o(.ARM.Collect$$libshutdown$$00000000)
    __rt_lib_shutdown_fp_trap_1              0x08000227   Thumb Code     0  libshutdown2.o(.ARM.Collect$$libshutdown$$00000006)
    __rt_lib_shutdown_heap_1                 0x08000227   Thumb Code     0  libshutdown2.o(.ARM.Collect$$libshutdown$$0000000E)
    __rt_lib_shutdown_return                 0x08000227   Thumb Code     0  libshutdown2.o(.ARM.Collect$$libshutdown$$0000000F)
    __rt_lib_shutdown_signal_1               0x08000227   Thumb Code     0  libshutdown2.o(.ARM.Collect$$libshutdown$$00000009)
    __rt_lib_shutdown_stdio_1                0x08000227   Thumb Code     0  libshutdown2.o(.ARM.Collect$$libshutdown$$00000003)
    __rt_lib_shutdown_user_alloc_1           0x08000227   Thumb Code     0  libshutdown2.o(.ARM.Collect$$libshutdown$$0000000B)
    __rt_entry                               0x08000229   Thumb Code     0  __rtentry.o(.ARM.Collect$$rtentry$$00000000)
    __rt_entry_presh_1                       0x08000229   Thumb Code     0  __rtentry2.o(.ARM.Collect$$rtentry$$00000002)
    __rt_entry_sh                            0x08000229   Thumb Code     0  __rtentry4.o(.ARM.Collect$$rtentry$$00000004)
    __rt_entry_li                            0x0800022f   Thumb Code     0  __rtentry2.o(.ARM.Collect$$rtentry$$0000000A)
    __rt_entry_postsh_1                      0x0800022f   Thumb Code     0  __rtentry2.o(.ARM.Collect$$rtentry$$00000009)
    __rt_entry_main                          0x08000233   Thumb Code     0  __rtentry2.o(.ARM.Collect$$rtentry$$0000000D)
    __rt_entry_postli_1                      0x08000233   Thumb Code     0  __rtentry2.o(.ARM.Collect$$rtentry$$0000000C)
    __rt_exit                                0x0800023b   Thumb Code     0  rtexit.o(.ARM.Collect$$rtexit$$00000000)
    __rt_exit_ls                             0x0800023d   Thumb Code     0  rtexit2.o(.ARM.Collect$$rtexit$$00000003)
    __rt_exit_prels_1                        0x0800023d   Thumb Code     0  rtexit2.o(.ARM.Collect$$rtexit$$00000002)
    __rt_exit_exit                           0x08000241   Thumb Code     0  rtexit2.o(.ARM.Collect$$rtexit$$00000004)
    main                                     0x08000249   Thumb Code   284  main.o(.text)
    NMI_Handler                              0x08000399   Thumb Code     2  stm32f4xx_it.o(.text)
    HardFault_Handler                        0x0800039b   Thumb Code     4  stm32f4xx_it.o(.text)
    MemManage_Handler                        0x0800039f   Thumb Code     4  stm32f4xx_it.o(.text)
    BusFault_Handler                         0x080003a3   Thumb Code     4  stm32f4xx_it.o(.text)
    UsageFault_Handler                       0x080003a7   Thumb Code     4  stm32f4xx_it.o(.text)
    SVC_Handler                              0x080003ab   Thumb Code     2  stm32f4xx_it.o(.text)
    DebugMon_Handler                         0x080003ad   Thumb Code     2  stm32f4xx_it.o(.text)
    PendSV_Handler                           0x080003af   Thumb Code     2  stm32f4xx_it.o(.text)
    SysTick_Handler                          0x080003b1   Thumb Code     2  stm32f4xx_it.o(.text)
    SystemInit                               0x08000491   Thumb Code    88  system_stm32f4xx.o(.text)
    SystemCoreClockUpdate                    0x080004e9   Thumb Code   174  system_stm32f4xx.o(.text)
    Init_adc                                 0x080005c5   Thumb Code   106  adc.o(.text)
    INit_dma                                 0x0800062f   Thumb Code   174  adc.o(.text)
    LCD_WR_REG                               0x080006ed   Thumb Code    18  lcd.o(.text)
    LCD_WR_DATA                              0x080006ff   Thumb Code    20  lcd.o(.text)
    LCD_RD_DATA                              0x08000713   Thumb Code    16  lcd.o(.text)
    LCD_WriteReg                             0x08000723   Thumb Code    14  lcd.o(.text)
    LCD_ReadReg                              0x08000731   Thumb Code    22  lcd.o(.text)
    LCD_WriteRAM_Prepare                     0x08000747   Thumb Code    10  lcd.o(.text)
    LCD_WriteRAM                             0x08000751   Thumb Code     8  lcd.o(.text)
    LCD_BGR2RGB                              0x08000759   Thumb Code    26  lcd.o(.text)
    opt_delay                                0x08000773   Thumb Code    14  lcd.o(.text)
    LCD_SetCursor                            0x08000781   Thumb Code   418  lcd.o(.text)
    LCD_ReadPoint                            0x08000923   Thumb Code   360  lcd.o(.text)
    LCD_DisplayOn                            0x08000a8b   Thumb Code   102  lcd.o(.text)
    LCD_DisplayOff                           0x08000af1   Thumb Code    90  lcd.o(.text)
    LCD_Scan_Dir                             0x08000b4b   Thumb Code   744  lcd.o(.text)
    LCD_DrawPoint                            0x08000e33   Thumb Code    28  lcd.o(.text)
    LCD_Fast_DrawPoint                       0x08000e4f   Thumb Code   388  lcd.o(.text)
    LCD_SSD_BackLightSet                     0x08000fd3   Thumb Code    88  lcd.o(.text)
    LCD_Display_Dir                          0x0800102b   Thumb Code   444  lcd.o(.text)
    LCD_Set_Window                           0x080011e7   Thumb Code   546  lcd.o(.text)
    LCD_Clear                                0x08001409   Thumb Code   100  lcd.o(.text)
    LCD_Init                                 0x0800146d   Thumb Code 14696  lcd.o(.text)
    LCD_Fill                                 0x08004dd5   Thumb Code   180  lcd.o(.text)
    LCD_Color_Fill                           0x08004e89   Thumb Code   100  lcd.o(.text)
    LCD_DrawLine                             0x08004eed   Thumb Code   176  lcd.o(.text)
    LCD_DrawRectangle                        0x08004f9d   Thumb Code    60  lcd.o(.text)
    LCD_Draw_Circle                          0x08004fd9   Thumb Code   152  lcd.o(.text)
    LCD_ShowChar                             0x08005071   Thumb Code   272  lcd.o(.text)
    LCD_Pow                                  0x08005181   Thumb Code    22  lcd.o(.text)
    LCD_ShowNum                              0x08005197   Thumb Code   148  lcd.o(.text)
    LCD_ShowxNum                             0x0800522b   Thumb Code   220  lcd.o(.text)
    LCD_ShowString                           0x08005307   Thumb Code   102  lcd.o(.text)
    delay_init                               0x0800536d   Thumb Code    52  delay.o(.text)
    delay_us                                 0x080053a1   Thumb Code    72  delay.o(.text)
    delay_xms                                0x080053e9   Thumb Code    72  delay.o(.text)
    delay_ms                                 0x08005431   Thumb Code    56  delay.o(.text)
    _sys_exit                                0x08005471   Thumb Code     6  usart.o(.text)
    fputc                                    0x08005477   Thumb Code    22  usart.o(.text)
    uart_init                                0x0800548d   Thumb Code   164  usart.o(.text)
    USART1_IRQHandler                        0x08005531   Thumb Code   122  usart.o(.text)
    Reset_Handler                            0x080055bd   Thumb Code     8  startup_stm32f40_41xxx.o(.text)
    ADC_IRQHandler                           0x080055d7   Thumb Code     0  startup_stm32f40_41xxx.o(.text)
    CAN1_RX0_IRQHandler                      0x080055d7   Thumb Code     0  startup_stm32f40_41xxx.o(.text)
    CAN1_RX1_IRQHandler                      0x080055d7   Thumb Code     0  startup_stm32f40_41xxx.o(.text)
    CAN1_SCE_IRQHandler                      0x080055d7   Thumb Code     0  startup_stm32f40_41xxx.o(.text)
    CAN1_TX_IRQHandler                       0x080055d7   Thumb Code     0  startup_stm32f40_41xxx.o(.text)
    CAN2_RX0_IRQHandler                      0x080055d7   Thumb Code     0  startup_stm32f40_41xxx.o(.text)
    CAN2_RX1_IRQHandler                      0x080055d7   Thumb Code     0  startup_stm32f40_41xxx.o(.text)
    CAN2_SCE_IRQHandler                      0x080055d7   Thumb Code     0  startup_stm32f40_41xxx.o(.text)
    CAN2_TX_IRQHandler                       0x080055d7   Thumb Code     0  startup_stm32f40_41xxx.o(.text)
    CRYP_IRQHandler                          0x080055d7   Thumb Code     0  startup_stm32f40_41xxx.o(.text)
    DCMI_IRQHandler                          0x080055d7   Thumb Code     0  startup_stm32f40_41xxx.o(.text)
    DMA1_Stream0_IRQHandler                  0x080055d7   Thumb Code     0  startup_stm32f40_41xxx.o(.text)
    DMA1_Stream1_IRQHandler                  0x080055d7   Thumb Code     0  startup_stm32f40_41xxx.o(.text)
    DMA1_Stream2_IRQHandler                  0x080055d7   Thumb Code     0  startup_stm32f40_41xxx.o(.text)
    DMA1_Stream3_IRQHandler                  0x080055d7   Thumb Code     0  startup_stm32f40_41xxx.o(.text)
    DMA1_Stream4_IRQHandler                  0x080055d7   Thumb Code     0  startup_stm32f40_41xxx.o(.text)
    DMA1_Stream5_IRQHandler                  0x080055d7   Thumb Code     0  startup_stm32f40_41xxx.o(.text)
    DMA1_Stream6_IRQHandler                  0x080055d7   Thumb Code     0  startup_stm32f40_41xxx.o(.text)
    DMA1_Stream7_IRQHandler                  0x080055d7   Thumb Code     0  startup_stm32f40_41xxx.o(.text)
    DMA2_Stream0_IRQHandler                  0x080055d7   Thumb Code     0  startup_stm32f40_41xxx.o(.text)
    DMA2_Stream1_IRQHandler                  0x080055d7   Thumb Code     0  startup_stm32f40_41xxx.o(.text)
    DMA2_Stream2_IRQHandler                  0x080055d7   Thumb Code     0  startup_stm32f40_41xxx.o(.text)
    DMA2_Stream3_IRQHandler                  0x080055d7   Thumb Code     0  startup_stm32f40_41xxx.o(.text)
    DMA2_Stream4_IRQHandler                  0x080055d7   Thumb Code     0  startup_stm32f40_41xxx.o(.text)
    DMA2_Stream5_IRQHandler                  0x080055d7   Thumb Code     0  startup_stm32f40_41xxx.o(.text)
    DMA2_Stream6_IRQHandler                  0x080055d7   Thumb Code     0  startup_stm32f40_41xxx.o(.text)
    DMA2_Stream7_IRQHandler                  0x080055d7   Thumb Code     0  startup_stm32f40_41xxx.o(.text)
    ETH_IRQHandler                           0x080055d7   Thumb Code     0  startup_stm32f40_41xxx.o(.text)
    ETH_WKUP_IRQHandler                      0x080055d7   Thumb Code     0  startup_stm32f40_41xxx.o(.text)
    EXTI0_IRQHandler                         0x080055d7   Thumb Code     0  startup_stm32f40_41xxx.o(.text)
    EXTI15_10_IRQHandler                     0x080055d7   Thumb Code     0  startup_stm32f40_41xxx.o(.text)
    EXTI1_IRQHandler                         0x080055d7   Thumb Code     0  startup_stm32f40_41xxx.o(.text)
    EXTI2_IRQHandler                         0x080055d7   Thumb Code     0  startup_stm32f40_41xxx.o(.text)
    EXTI3_IRQHandler                         0x080055d7   Thumb Code     0  startup_stm32f40_41xxx.o(.text)
    EXTI4_IRQHandler                         0x080055d7   Thumb Code     0  startup_stm32f40_41xxx.o(.text)
    EXTI9_5_IRQHandler                       0x080055d7   Thumb Code     0  startup_stm32f40_41xxx.o(.text)
    FLASH_IRQHandler                         0x080055d7   Thumb Code     0  startup_stm32f40_41xxx.o(.text)
    FPU_IRQHandler                           0x080055d7   Thumb Code     0  startup_stm32f40_41xxx.o(.text)
    FSMC_IRQHandler                          0x080055d7   Thumb Code     0  startup_stm32f40_41xxx.o(.text)
    HASH_RNG_IRQHandler                      0x080055d7   Thumb Code     0  startup_stm32f40_41xxx.o(.text)
    I2C1_ER_IRQHandler                       0x080055d7   Thumb Code     0  startup_stm32f40_41xxx.o(.text)
    I2C1_EV_IRQHandler                       0x080055d7   Thumb Code     0  startup_stm32f40_41xxx.o(.text)
    I2C2_ER_IRQHandler                       0x080055d7   Thumb Code     0  startup_stm32f40_41xxx.o(.text)
    I2C2_EV_IRQHandler                       0x080055d7   Thumb Code     0  startup_stm32f40_41xxx.o(.text)
    I2C3_ER_IRQHandler                       0x080055d7   Thumb Code     0  startup_stm32f40_41xxx.o(.text)
    I2C3_EV_IRQHandler                       0x080055d7   Thumb Code     0  startup_stm32f40_41xxx.o(.text)
    OTG_FS_IRQHandler                        0x080055d7   Thumb Code     0  startup_stm32f40_41xxx.o(.text)
    OTG_FS_WKUP_IRQHandler                   0x080055d7   Thumb Code     0  startup_stm32f40_41xxx.o(.text)
    OTG_HS_EP1_IN_IRQHandler                 0x080055d7   Thumb Code     0  startup_stm32f40_41xxx.o(.text)
    OTG_HS_EP1_OUT_IRQHandler                0x080055d7   Thumb Code     0  startup_stm32f40_41xxx.o(.text)
    OTG_HS_IRQHandler                        0x080055d7   Thumb Code     0  startup_stm32f40_41xxx.o(.text)
    OTG_HS_WKUP_IRQHandler                   0x080055d7   Thumb Code     0  startup_stm32f40_41xxx.o(.text)
    PVD_IRQHandler                           0x080055d7   Thumb Code     0  startup_stm32f40_41xxx.o(.text)
    RCC_IRQHandler                           0x080055d7   Thumb Code     0  startup_stm32f40_41xxx.o(.text)
    RTC_Alarm_IRQHandler                     0x080055d7   Thumb Code     0  startup_stm32f40_41xxx.o(.text)
    RTC_WKUP_IRQHandler                      0x080055d7   Thumb Code     0  startup_stm32f40_41xxx.o(.text)
    SDIO_IRQHandler                          0x080055d7   Thumb Code     0  startup_stm32f40_41xxx.o(.text)
    SPI1_IRQHandler                          0x080055d7   Thumb Code     0  startup_stm32f40_41xxx.o(.text)
    SPI2_IRQHandler                          0x080055d7   Thumb Code     0  startup_stm32f40_41xxx.o(.text)
    SPI3_IRQHandler                          0x080055d7   Thumb Code     0  startup_stm32f40_41xxx.o(.text)
    TAMP_STAMP_IRQHandler                    0x080055d7   Thumb Code     0  startup_stm32f40_41xxx.o(.text)
    TIM1_BRK_TIM9_IRQHandler                 0x080055d7   Thumb Code     0  startup_stm32f40_41xxx.o(.text)
    TIM1_CC_IRQHandler                       0x080055d7   Thumb Code     0  startup_stm32f40_41xxx.o(.text)
    TIM1_TRG_COM_TIM11_IRQHandler            0x080055d7   Thumb Code     0  startup_stm32f40_41xxx.o(.text)
    TIM1_UP_TIM10_IRQHandler                 0x080055d7   Thumb Code     0  startup_stm32f40_41xxx.o(.text)
    TIM2_IRQHandler                          0x080055d7   Thumb Code     0  startup_stm32f40_41xxx.o(.text)
    TIM3_IRQHandler                          0x080055d7   Thumb Code     0  startup_stm32f40_41xxx.o(.text)
    TIM4_IRQHandler                          0x080055d7   Thumb Code     0  startup_stm32f40_41xxx.o(.text)
    TIM5_IRQHandler                          0x080055d7   Thumb Code     0  startup_stm32f40_41xxx.o(.text)
    TIM6_DAC_IRQHandler                      0x080055d7   Thumb Code     0  startup_stm32f40_41xxx.o(.text)
    TIM7_IRQHandler                          0x080055d7   Thumb Code     0  startup_stm32f40_41xxx.o(.text)
    TIM8_BRK_TIM12_IRQHandler                0x080055d7   Thumb Code     0  startup_stm32f40_41xxx.o(.text)
    TIM8_CC_IRQHandler                       0x080055d7   Thumb Code     0  startup_stm32f40_41xxx.o(.text)
    TIM8_TRG_COM_TIM14_IRQHandler            0x080055d7   Thumb Code     0  startup_stm32f40_41xxx.o(.text)
    TIM8_UP_TIM13_IRQHandler                 0x080055d7   Thumb Code     0  startup_stm32f40_41xxx.o(.text)
    UART4_IRQHandler                         0x080055d7   Thumb Code     0  startup_stm32f40_41xxx.o(.text)
    UART5_IRQHandler                         0x080055d7   Thumb Code     0  startup_stm32f40_41xxx.o(.text)
    USART2_IRQHandler                        0x080055d7   Thumb Code     0  startup_stm32f40_41xxx.o(.text)
    USART3_IRQHandler                        0x080055d7   Thumb Code     0  startup_stm32f40_41xxx.o(.text)
    USART6_IRQHandler                        0x080055d7   Thumb Code     0  startup_stm32f40_41xxx.o(.text)
    WWDG_IRQHandler                          0x080055d7   Thumb Code     0  startup_stm32f40_41xxx.o(.text)
    __user_initial_stackheap                 0x080055d9   Thumb Code     0  startup_stm32f40_41xxx.o(.text)
    NVIC_PriorityGroupConfig                 0x080055fd   Thumb Code    10  misc.o(.text)
    NVIC_Init                                0x08005607   Thumb Code   106  misc.o(.text)
    NVIC_SetVectorTable                      0x08005671   Thumb Code    14  misc.o(.text)
    NVIC_SystemLPConfig                      0x0800567f   Thumb Code    34  misc.o(.text)
    SysTick_CLKSourceConfig                  0x080056a1   Thumb Code    40  misc.o(.text)
    DMA_DeInit                               0x080056dd   Thumb Code   324  stm32f4xx_dma.o(.text)
    DMA_Init                                 0x08005821   Thumb Code    82  stm32f4xx_dma.o(.text)
    DMA_StructInit                           0x08005873   Thumb Code    34  stm32f4xx_dma.o(.text)
    DMA_Cmd                                  0x08005895   Thumb Code    22  stm32f4xx_dma.o(.text)
    DMA_PeriphIncOffsetSizeConfig            0x080058ab   Thumb Code    22  stm32f4xx_dma.o(.text)
    DMA_FlowControllerConfig                 0x080058c1   Thumb Code    22  stm32f4xx_dma.o(.text)
    DMA_SetCurrDataCounter                   0x080058d7   Thumb Code     4  stm32f4xx_dma.o(.text)
    DMA_GetCurrDataCounter                   0x080058db   Thumb Code     8  stm32f4xx_dma.o(.text)
    DMA_DoubleBufferModeConfig               0x080058e3   Thumb Code    24  stm32f4xx_dma.o(.text)
    DMA_DoubleBufferModeCmd                  0x080058fb   Thumb Code    22  stm32f4xx_dma.o(.text)
    DMA_MemoryTargetConfig                   0x08005911   Thumb Code    10  stm32f4xx_dma.o(.text)
    DMA_GetCurrentMemoryTarget               0x0800591b   Thumb Code    20  stm32f4xx_dma.o(.text)
    DMA_GetCmdStatus                         0x0800592f   Thumb Code    20  stm32f4xx_dma.o(.text)
    DMA_GetFIFOStatus                        0x08005943   Thumb Code    12  stm32f4xx_dma.o(.text)
    DMA_GetFlagStatus                        0x0800594f   Thumb Code    56  stm32f4xx_dma.o(.text)
    DMA_ClearFlag                            0x08005987   Thumb Code    40  stm32f4xx_dma.o(.text)
    DMA_ITConfig                             0x080059af   Thumb Code    58  stm32f4xx_dma.o(.text)
    DMA_GetITStatus                          0x080059e9   Thumb Code    84  stm32f4xx_dma.o(.text)
    DMA_ClearITPendingBit                    0x08005a3d   Thumb Code    40  stm32f4xx_dma.o(.text)
    GPIO_DeInit                              0x08005a85   Thumb Code   268  stm32f4xx_gpio.o(.text)
    GPIO_Init                                0x08005b91   Thumb Code   144  stm32f4xx_gpio.o(.text)
    GPIO_StructInit                          0x08005c21   Thumb Code    18  stm32f4xx_gpio.o(.text)
    GPIO_PinLockConfig                       0x08005c33   Thumb Code    34  stm32f4xx_gpio.o(.text)
    GPIO_ReadInputDataBit                    0x08005c55   Thumb Code    18  stm32f4xx_gpio.o(.text)
    GPIO_ReadInputData                       0x08005c67   Thumb Code     8  stm32f4xx_gpio.o(.text)
    GPIO_ReadOutputDataBit                   0x08005c6f   Thumb Code    18  stm32f4xx_gpio.o(.text)
    GPIO_ReadOutputData                      0x08005c81   Thumb Code     8  stm32f4xx_gpio.o(.text)
    GPIO_SetBits                             0x08005c89   Thumb Code     4  stm32f4xx_gpio.o(.text)
    GPIO_ResetBits                           0x08005c8d   Thumb Code     4  stm32f4xx_gpio.o(.text)
    GPIO_WriteBit                            0x08005c91   Thumb Code    10  stm32f4xx_gpio.o(.text)
    GPIO_Write                               0x08005c9b   Thumb Code     4  stm32f4xx_gpio.o(.text)
    GPIO_ToggleBits                          0x08005c9f   Thumb Code     8  stm32f4xx_gpio.o(.text)
    GPIO_PinAFConfig                         0x08005ca7   Thumb Code    70  stm32f4xx_gpio.o(.text)
    FSMC_NORSRAMDeInit                       0x08005d19   Thumb Code    54  stm32f4xx_fsmc.o(.text)
    FSMC_NORSRAMInit                         0x08005d4f   Thumb Code   230  stm32f4xx_fsmc.o(.text)
    FSMC_NORSRAMStructInit                   0x08005e35   Thumb Code    48  stm32f4xx_fsmc.o(.text)
    FSMC_NORSRAMCmd                          0x08005e65   Thumb Code    46  stm32f4xx_fsmc.o(.text)
    FSMC_NANDDeInit                          0x08005e93   Thumb Code    62  stm32f4xx_fsmc.o(.text)
    FSMC_NANDInit                            0x08005ed1   Thumb Code   132  stm32f4xx_fsmc.o(.text)
    FSMC_NANDStructInit                      0x08005f55   Thumb Code    54  stm32f4xx_fsmc.o(.text)
    FSMC_NANDCmd                             0x08005f8b   Thumb Code    86  stm32f4xx_fsmc.o(.text)
    FSMC_NANDECCCmd                          0x08005fe1   Thumb Code    86  stm32f4xx_fsmc.o(.text)
    FSMC_GetECC                              0x08006037   Thumb Code    24  stm32f4xx_fsmc.o(.text)
    FSMC_PCCARDDeInit                        0x0800604f   Thumb Code    36  stm32f4xx_fsmc.o(.text)
    FSMC_PCCARDInit                          0x08006073   Thumb Code   130  stm32f4xx_fsmc.o(.text)
    FSMC_PCCARDStructInit                    0x080060f5   Thumb Code    60  stm32f4xx_fsmc.o(.text)
    FSMC_PCCARDCmd                           0x08006131   Thumb Code    44  stm32f4xx_fsmc.o(.text)
    FSMC_ITConfig                            0x0800615d   Thumb Code   128  stm32f4xx_fsmc.o(.text)
    FSMC_GetFlagStatus                       0x080061dd   Thumb Code    54  stm32f4xx_fsmc.o(.text)
    FSMC_ClearFlag                           0x08006213   Thumb Code    74  stm32f4xx_fsmc.o(.text)
    FSMC_GetITStatus                         0x0800625d   Thumb Code    62  stm32f4xx_fsmc.o(.text)
    FSMC_ClearITPendingBit                   0x0800629b   Thumb Code    66  stm32f4xx_fsmc.o(.text)
    USART_DeInit                             0x080062e1   Thumb Code   206  stm32f4xx_usart.o(.text)
    USART_Init                               0x080063af   Thumb Code   204  stm32f4xx_usart.o(.text)
    USART_StructInit                         0x0800647b   Thumb Code    24  stm32f4xx_usart.o(.text)
    USART_ClockInit                          0x08006493   Thumb Code    32  stm32f4xx_usart.o(.text)
    USART_ClockStructInit                    0x080064b3   Thumb Code    12  stm32f4xx_usart.o(.text)
    USART_Cmd                                0x080064bf   Thumb Code    24  stm32f4xx_usart.o(.text)
    USART_SetPrescaler                       0x080064d7   Thumb Code    16  stm32f4xx_usart.o(.text)
    USART_OverSampling8Cmd                   0x080064e7   Thumb Code    22  stm32f4xx_usart.o(.text)
    USART_OneBitMethodCmd                    0x080064fd   Thumb Code    24  stm32f4xx_usart.o(.text)
    USART_SendData                           0x08006515   Thumb Code     8  stm32f4xx_usart.o(.text)
    USART_ReceiveData                        0x0800651d   Thumb Code    10  stm32f4xx_usart.o(.text)
    USART_SetAddress                         0x08006527   Thumb Code    18  stm32f4xx_usart.o(.text)
    USART_ReceiverWakeUpCmd                  0x08006539   Thumb Code    24  stm32f4xx_usart.o(.text)
    USART_WakeUpConfig                       0x08006551   Thumb Code    18  stm32f4xx_usart.o(.text)
    USART_LINBreakDetectLengthConfig         0x08006563   Thumb Code    18  stm32f4xx_usart.o(.text)
    USART_LINCmd                             0x08006575   Thumb Code    24  stm32f4xx_usart.o(.text)
    USART_SendBreak                          0x0800658d   Thumb Code    10  stm32f4xx_usart.o(.text)
    USART_HalfDuplexCmd                      0x08006597   Thumb Code    24  stm32f4xx_usart.o(.text)
    USART_SetGuardTime                       0x080065af   Thumb Code    16  stm32f4xx_usart.o(.text)
    USART_SmartCardCmd                       0x080065bf   Thumb Code    24  stm32f4xx_usart.o(.text)
    USART_SmartCardNACKCmd                   0x080065d7   Thumb Code    24  stm32f4xx_usart.o(.text)
    USART_IrDAConfig                         0x080065ef   Thumb Code    18  stm32f4xx_usart.o(.text)
    USART_IrDACmd                            0x08006601   Thumb Code    24  stm32f4xx_usart.o(.text)
    USART_DMACmd                             0x08006619   Thumb Code    18  stm32f4xx_usart.o(.text)
    USART_ITConfig                           0x0800662b   Thumb Code    74  stm32f4xx_usart.o(.text)
    USART_GetFlagStatus                      0x08006675   Thumb Code    26  stm32f4xx_usart.o(.text)
    USART_ClearFlag                          0x0800668f   Thumb Code    18  stm32f4xx_usart.o(.text)
    USART_GetITStatus                        0x080066a1   Thumb Code   118  stm32f4xx_usart.o(.text)
    USART_ClearITPendingBit                  0x08006717   Thumb Code    30  stm32f4xx_usart.o(.text)
    RCC_DeInit                               0x08006735   Thumb Code    82  stm32f4xx_rcc.o(.text)
    RCC_HSEConfig                            0x08006787   Thumb Code    14  stm32f4xx_rcc.o(.text)
    RCC_GetFlagStatus                        0x08006795   Thumb Code    60  stm32f4xx_rcc.o(.text)
    RCC_WaitForHSEStartUp                    0x080067d1   Thumb Code    56  stm32f4xx_rcc.o(.text)
    RCC_AdjustHSICalibrationValue            0x08006809   Thumb Code    20  stm32f4xx_rcc.o(.text)
    RCC_HSICmd                               0x0800681d   Thumb Code     6  stm32f4xx_rcc.o(.text)
    RCC_LSEConfig                            0x08006823   Thumb Code    46  stm32f4xx_rcc.o(.text)
    RCC_LSICmd                               0x08006851   Thumb Code     6  stm32f4xx_rcc.o(.text)
    RCC_PLLConfig                            0x08006857   Thumb Code    32  stm32f4xx_rcc.o(.text)
    RCC_PLLCmd                               0x08006877   Thumb Code     6  stm32f4xx_rcc.o(.text)
    RCC_PLLI2SConfig                         0x0800687d   Thumb Code    14  stm32f4xx_rcc.o(.text)
    RCC_PLLI2SCmd                            0x0800688b   Thumb Code     6  stm32f4xx_rcc.o(.text)
    RCC_PLLSAIConfig                         0x08006891   Thumb Code    20  stm32f4xx_rcc.o(.text)
    RCC_PLLSAICmd                            0x080068a5   Thumb Code     6  stm32f4xx_rcc.o(.text)
    RCC_ClockSecuritySystemCmd               0x080068ab   Thumb Code     6  stm32f4xx_rcc.o(.text)
    RCC_MCO1Config                           0x080068b1   Thumb Code    28  stm32f4xx_rcc.o(.text)
    RCC_MCO2Config                           0x080068cd   Thumb Code    28  stm32f4xx_rcc.o(.text)
    RCC_SYSCLKConfig                         0x080068e9   Thumb Code    20  stm32f4xx_rcc.o(.text)
    RCC_GetSYSCLKSource                      0x080068fd   Thumb Code    12  stm32f4xx_rcc.o(.text)
    RCC_HCLKConfig                           0x08006909   Thumb Code    20  stm32f4xx_rcc.o(.text)
    RCC_PCLK1Config                          0x0800691d   Thumb Code    20  stm32f4xx_rcc.o(.text)
    RCC_PCLK2Config                          0x08006931   Thumb Code    22  stm32f4xx_rcc.o(.text)
    RCC_GetClocksFreq                        0x08006947   Thumb Code   222  stm32f4xx_rcc.o(.text)
    RCC_RTCCLKConfig                         0x08006a25   Thumb Code    54  stm32f4xx_rcc.o(.text)
    RCC_RTCCLKCmd                            0x08006a5b   Thumb Code     8  stm32f4xx_rcc.o(.text)
    RCC_BackupResetCmd                       0x08006a63   Thumb Code     8  stm32f4xx_rcc.o(.text)
    RCC_I2SCLKConfig                         0x08006a6b   Thumb Code     6  stm32f4xx_rcc.o(.text)
    RCC_SAIPLLI2SClkDivConfig                0x08006a71   Thumb Code    26  stm32f4xx_rcc.o(.text)
    RCC_SAIPLLSAIClkDivConfig                0x08006a8b   Thumb Code    28  stm32f4xx_rcc.o(.text)
    RCC_SAIBlockACLKConfig                   0x08006aa7   Thumb Code    20  stm32f4xx_rcc.o(.text)
    RCC_SAIBlockBCLKConfig                   0x08006abb   Thumb Code    20  stm32f4xx_rcc.o(.text)
    RCC_LTDCCLKDivConfig                     0x08006acf   Thumb Code    20  stm32f4xx_rcc.o(.text)
    RCC_TIMCLKPresConfig                     0x08006ae3   Thumb Code     6  stm32f4xx_rcc.o(.text)
    RCC_AHB1PeriphClockCmd                   0x08006ae9   Thumb Code    34  stm32f4xx_rcc.o(.text)
    RCC_AHB2PeriphClockCmd                   0x08006b0b   Thumb Code    78  stm32f4xx_rcc.o(.text)
    RCC_AHB3PeriphClockCmd                   0x08006b59   Thumb Code    34  stm32f4xx_rcc.o(.text)
    RCC_APB1PeriphClockCmd                   0x08006b7b   Thumb Code    34  stm32f4xx_rcc.o(.text)
    RCC_APB2PeriphClockCmd                   0x08006b9d   Thumb Code    34  stm32f4xx_rcc.o(.text)
    RCC_AHB1PeriphResetCmd                   0x08006bbf   Thumb Code    34  stm32f4xx_rcc.o(.text)
    RCC_AHB2PeriphResetCmd                   0x08006be1   Thumb Code    34  stm32f4xx_rcc.o(.text)
    RCC_AHB3PeriphResetCmd                   0x08006c03   Thumb Code    34  stm32f4xx_rcc.o(.text)
    RCC_APB1PeriphResetCmd                   0x08006c25   Thumb Code    34  stm32f4xx_rcc.o(.text)
    RCC_APB2PeriphResetCmd                   0x08006c47   Thumb Code    34  stm32f4xx_rcc.o(.text)
    RCC_AHB1PeriphClockLPModeCmd             0x08006c69   Thumb Code    34  stm32f4xx_rcc.o(.text)
    RCC_AHB2PeriphClockLPModeCmd             0x08006c8b   Thumb Code    34  stm32f4xx_rcc.o(.text)
    RCC_AHB3PeriphClockLPModeCmd             0x08006cad   Thumb Code    34  stm32f4xx_rcc.o(.text)
    RCC_APB1PeriphClockLPModeCmd             0x08006ccf   Thumb Code    34  stm32f4xx_rcc.o(.text)
    RCC_APB2PeriphClockLPModeCmd             0x08006cf1   Thumb Code    34  stm32f4xx_rcc.o(.text)
    RCC_LSEModeConfig                        0x08006d13   Thumb Code    40  stm32f4xx_rcc.o(.text)
    RCC_ITConfig                             0x08006d3b   Thumb Code    34  stm32f4xx_rcc.o(.text)
    RCC_ClearFlag                            0x08006d5d   Thumb Code    18  stm32f4xx_rcc.o(.text)
    RCC_GetITStatus                          0x08006d6f   Thumb Code    22  stm32f4xx_rcc.o(.text)
    RCC_ClearITPendingBit                    0x08006d85   Thumb Code     8  stm32f4xx_rcc.o(.text)
    ADC_DeInit                               0x08006d91   Thumb Code    22  stm32f4xx_adc.o(.text)
    ADC_Init                                 0x08006da7   Thumb Code    74  stm32f4xx_adc.o(.text)
    ADC_StructInit                           0x08006df1   Thumb Code    20  stm32f4xx_adc.o(.text)
    ADC_CommonInit                           0x08006e05   Thumb Code    34  stm32f4xx_adc.o(.text)
    ADC_CommonStructInit                     0x08006e27   Thumb Code    12  stm32f4xx_adc.o(.text)
    ADC_Cmd                                  0x08006e33   Thumb Code    22  stm32f4xx_adc.o(.text)
    ADC_AnalogWatchdogCmd                    0x08006e49   Thumb Code    16  stm32f4xx_adc.o(.text)
    ADC_AnalogWatchdogThresholdsConfig       0x08006e59   Thumb Code     6  stm32f4xx_adc.o(.text)
    ADC_AnalogWatchdogSingleChannelConfig    0x08006e5f   Thumb Code    16  stm32f4xx_adc.o(.text)
    ADC_TempSensorVrefintCmd                 0x08006e6f   Thumb Code    34  stm32f4xx_adc.o(.text)
    ADC_VBATCmd                              0x08006e91   Thumb Code    34  stm32f4xx_adc.o(.text)
    ADC_RegularChannelConfig                 0x08006eb3   Thumb Code   184  stm32f4xx_adc.o(.text)
    ADC_SoftwareStartConv                    0x08006f6b   Thumb Code    10  stm32f4xx_adc.o(.text)
    ADC_GetSoftwareStartConvStatus           0x08006f75   Thumb Code    20  stm32f4xx_adc.o(.text)
    ADC_EOCOnEachRegularChannelCmd           0x08006f89   Thumb Code    22  stm32f4xx_adc.o(.text)
    ADC_ContinuousModeCmd                    0x08006f9f   Thumb Code    22  stm32f4xx_adc.o(.text)
    ADC_DiscModeChannelCountConfig           0x08006fb5   Thumb Code    24  stm32f4xx_adc.o(.text)
    ADC_DiscModeCmd                          0x08006fcd   Thumb Code    22  stm32f4xx_adc.o(.text)
    ADC_GetConversionValue                   0x08006fe3   Thumb Code     8  stm32f4xx_adc.o(.text)
    ADC_GetMultiModeConversionValue          0x08006feb   Thumb Code     8  stm32f4xx_adc.o(.text)
    ADC_DMACmd                               0x08006ff3   Thumb Code    22  stm32f4xx_adc.o(.text)
    ADC_DMARequestAfterLastTransferCmd       0x08007009   Thumb Code    22  stm32f4xx_adc.o(.text)
    ADC_MultiModeDMARequestAfterLastTransferCmd 0x0800701f   Thumb Code    34  stm32f4xx_adc.o(.text)
    ADC_InjectedChannelConfig                0x08007041   Thumb Code   130  stm32f4xx_adc.o(.text)
    ADC_InjectedSequencerLengthConfig        0x080070c3   Thumb Code    24  stm32f4xx_adc.o(.text)
    ADC_SetInjectedOffset                    0x080070db   Thumb Code    20  stm32f4xx_adc.o(.text)
    ADC_ExternalTrigInjectedConvConfig       0x080070ef   Thumb Code    16  stm32f4xx_adc.o(.text)
    ADC_ExternalTrigInjectedConvEdgeConfig   0x080070ff   Thumb Code    16  stm32f4xx_adc.o(.text)
    ADC_SoftwareStartInjectedConv            0x0800710f   Thumb Code    10  stm32f4xx_adc.o(.text)
    ADC_GetSoftwareStartInjectedConvCmdStatus 0x08007119   Thumb Code    20  stm32f4xx_adc.o(.text)
    ADC_AutoInjectedConvCmd                  0x0800712d   Thumb Code    22  stm32f4xx_adc.o(.text)
    ADC_InjectedDiscModeCmd                  0x08007143   Thumb Code    22  stm32f4xx_adc.o(.text)
    ADC_GetInjectedConversionValue           0x08007159   Thumb Code    28  stm32f4xx_adc.o(.text)
    ADC_ITConfig                             0x08007175   Thumb Code    56  stm32f4xx_adc.o(.text)
    ADC_GetFlagStatus                        0x080071ad   Thumb Code    18  stm32f4xx_adc.o(.text)
    ADC_ClearFlag                            0x080071bf   Thumb Code     6  stm32f4xx_adc.o(.text)
    ADC_GetITStatus                          0x080071c5   Thumb Code    38  stm32f4xx_adc.o(.text)
    ADC_ClearITPendingBit                    0x080071eb   Thumb Code    10  stm32f4xx_adc.o(.text)
    __use_no_semihosting                     0x080071f5   Thumb Code     2  use_no_semi_2.o(.text)
    __2printf                                0x080071f9   Thumb Code    20  noretval__2printf.o(.text)
    __2sprintf                               0x08007211   Thumb Code    34  noretval__2sprintf.o(.text)
    _printf_int_hex                          0x08007239   Thumb Code    84  _printf_hex_int.o(.text)
    _printf_longlong_hex                     0x08007239   Thumb Code     0  _printf_hex_int.o(.text)
    __printf                                 0x08007291   Thumb Code   352  __printf_ss_wp.o(.text)
    __use_two_region_memory                  0x080073f1   Thumb Code     2  heapauxi.o(.text)
    __rt_heap_escrow$2region                 0x080073f3   Thumb Code     2  heapauxi.o(.text)
    __rt_heap_expand$2region                 0x080073f5   Thumb Code     2  heapauxi.o(.text)
    __I$use$semihosting                      0x080073f7   Thumb Code     0  use_no_semi.o(.text)
    __use_no_semihosting_swi                 0x080073f7   Thumb Code     2  use_no_semi.o(.text)
    _printf_int_common                       0x080073f9   Thumb Code   178  _printf_intcommon.o(.text)
    __lib_sel_fp_printf                      0x080074ab   Thumb Code     2  _printf_fp_dec.o(.text)
    _printf_fp_dec_real                      0x08007659   Thumb Code   620  _printf_fp_dec.o(.text)
    _printf_char_common                      0x080078cf   Thumb Code    32  _printf_char_common.o(.text)
    _sputc                                   0x080078f5   Thumb Code    10  _sputc.o(.text)
    _printf_char_file                        0x08007901   Thumb Code    32  _printf_char_file.o(.text)
    __rt_locale                              0x08007925   Thumb Code     8  rt_locale_intlibspace.o(.text)
    _ll_udiv10                               0x0800792d   Thumb Code   138  lludiv10.o(.text)
    _printf_fp_infnan                        0x080079b9   Thumb Code   112  _printf_fp_infnan.o(.text)
    _btod_etento                             0x08007a39   Thumb Code   216  bigflt0.o(.text)
    ferror                                   0x08007b15   Thumb Code     8  ferror.o(.text)
    __user_libspace                          0x08007b1d   Thumb Code     8  libspace.o(.text)
    __user_perproc_libspace                  0x08007b1d   Thumb Code     0  libspace.o(.text)
    __user_perthread_libspace                0x08007b1d   Thumb Code     0  libspace.o(.text)
    __user_setup_stackheap                   0x08007b25   Thumb Code    74  sys_stackheap_outer.o(.text)
    exit                                     0x08007b6f   Thumb Code    12  exit.o(.text)
    strcmp                                   0x08007b7d   Thumb Code   128  strcmpv7m.o(.text)
    _btod_d2e                                0x08007bfd   Thumb Code    62  btod.o(CL$$btod_d2e)
    _d2e_denorm_low                          0x08007c3b   Thumb Code    70  btod.o(CL$$btod_d2e_denorm_low)
    _d2e_norm_op1                            0x08007c81   Thumb Code    96  btod.o(CL$$btod_d2e_norm_op1)
    __btod_div_common                        0x08007ce1   Thumb Code   696  btod.o(CL$$btod_div_common)
    _e2e                                     0x08008019   Thumb Code   198  btod.o(CL$$btod_e2e)
    _btod_ediv                               0x080080df   Thumb Code    40  btod.o(CL$$btod_ediv)
    _btod_emul                               0x08008107   Thumb Code    40  btod.o(CL$$btod_emul)
    __btod_mult_common                       0x0800812f   Thumb Code   580  btod.o(CL$$btod_mult_common)
    __ARM_fpclassify                         0x08008373   Thumb Code    48  fpclassify.o(i.__ARM_fpclassify)
    _is_digit                                0x080083a3   Thumb Code    14  __printf_wp.o(i._is_digit)
    _get_lc_numeric                          0x080083b1   Thumb Code    44  lc_numeric_c.o(locale$$code)
    __aeabi_d2uiz                            0x080083dd   Thumb Code     0  dfixu.o(x$fpl$dfixu)
    _dfixu                                   0x080083dd   Thumb Code    90  dfixu.o(x$fpl$dfixu)
    __aeabi_ui2d                             0x08008437   Thumb Code     0  dflt_clz.o(x$fpl$dfltu)
    _dfltu                                   0x08008437   Thumb Code    38  dflt_clz.o(x$fpl$dfltu)
    __aeabi_dmul                             0x0800845d   Thumb Code     0  dmul.o(x$fpl$dmul)
    _dmul                                    0x0800845d   Thumb Code   332  dmul.o(x$fpl$dmul)
    __fpl_dnaninf                            0x080085b1   Thumb Code   156  dnaninf.o(x$fpl$dnaninf)
    __fpl_dretinf                            0x0800864d   Thumb Code    12  dretinf.o(x$fpl$dretinf)
    __aeabi_f2d                              0x08008659   Thumb Code     0  f2d.o(x$fpl$f2d)
    _f2d                                     0x08008659   Thumb Code    86  f2d.o(x$fpl$f2d)
    __fpl_fnaninf                            0x080086af   Thumb Code   140  fnaninf.o(x$fpl$fnaninf)
    _fp_init                                 0x0800873b   Thumb Code    10  fpinit.o(x$fpl$fpinit)
    __fplib_config_fpu_vfp                   0x08008743   Thumb Code     0  fpinit.o(x$fpl$fpinit)
    __fplib_config_pureend_doubles           0x08008743   Thumb Code     0  fpinit.o(x$fpl$fpinit)
    _printf_fp_dec                           0x08008745   Thumb Code     4  printf1.o(x$fpl$printf1)
    __I$use$fp                               0x08008748   Number         0  usenofp.o(x$fpl$usenofp)
    asc2_1206                                0x08008748   Data        1140  lcd.o(.constdata)
    asc2_1608                                0x08008bbc   Data        1520  lcd.o(.constdata)
    asc2_2412                                0x080091ac   Data        3420  lcd.o(.constdata)
    FSMC_DefaultTimingStruct                 0x08009f08   Data          28  stm32f4xx_fsmc.o(.constdata)
    Region$$Table$$Base                      0x08009fe0   Number         0  anon$$obj.o(Region$$Table)
    Region$$Table$$Limit                     0x0800a000   Number         0  anon$$obj.o(Region$$Table)
    SystemCoreClock                          0x20000000   Data           4  system_stm32f4xx.o(.data)
    AHBPrescTable                            0x20000004   Data          16  system_stm32f4xx.o(.data)
    POINT_COLOR                              0x20000014   Data           2  lcd.o(.data)
    BACK_COLOR                               0x20000016   Data           2  lcd.o(.data)
    __stdout                                 0x2000001c   Data           4  usart.o(.data)
    USART_RX_STA                             0x20000020   Data           2  usart.o(.data)
    buf                                      0x20000034   Data          20  main.o(.bss)
    data2                                    0x20000048   Data          16  main.o(.bss)
    lcddev                                   0x20000058   Data          14  lcd.o(.bss)
    USART_RX_BUF                             0x20000066   Data         200  usart.o(.bss)
    __libspace_start                         0x20000130   Data          96  libspace.o(.bss)
    __temporary_stack_top$libspace           0x20000190   Data           0  libspace.o(.bss)



==============================================================================

Memory Map of the image

  Image Entry point : 0x08000189

  Load Region LR_IROM1 (Base: 0x08000000, Size: 0x0000a050, Max: 0x00100000, ABSOLUTE)

    Execution Region ER_IROM1 (Base: 0x08000000, Size: 0x0000a01c, Max: 0x00100000, ABSOLUTE)

    Base Addr    Size         Type   Attr      Idx    E Section Name        Object

    0x08000000   0x00000188   Data   RO          394    RESET               startup_stm32f40_41xxx.o
    0x08000188   0x00000008   Code   RO          624  * !!!main             c_w.l(__main.o)
    0x08000190   0x00000034   Code   RO          861    !!!scatter          c_w.l(__scatter.o)
    0x080001c4   0x0000001a   Code   RO          863    !!handler_copy      c_w.l(__scatter_copy.o)
    0x080001de   0x00000002   PAD
    0x080001e0   0x0000001c   Code   RO          865    !!handler_zi        c_w.l(__scatter_zi.o)
    0x080001fc   0x00000000   Code   RO          621    .ARM.Collect$$_printf_percent$$00000000  c_w.l(_printf_percent.o)
    0x080001fc   0x00000006   Code   RO          620    .ARM.Collect$$_printf_percent$$00000003  c_w.l(_printf_f.o)
    0x08000202   0x00000006   Code   RO          619    .ARM.Collect$$_printf_percent$$0000000C  c_w.l(_printf_x.o)
    0x08000208   0x00000004   Code   RO          655    .ARM.Collect$$_printf_percent$$00000017  c_w.l(_printf_percent_end.o)
    0x0800020c   0x00000002   Code   RO          739    .ARM.Collect$$libinit$$00000000  c_w.l(libinit.o)
    0x0800020e   0x00000004   Code   RO          740    .ARM.Collect$$libinit$$00000001  c_w.l(libinit2.o)
    0x08000212   0x00000000   Code   RO          743    .ARM.Collect$$libinit$$00000004  c_w.l(libinit2.o)
    0x08000212   0x00000000   Code   RO          746    .ARM.Collect$$libinit$$0000000A  c_w.l(libinit2.o)
    0x08000212   0x00000000   Code   RO          748    .ARM.Collect$$libinit$$0000000C  c_w.l(libinit2.o)
    0x08000212   0x00000000   Code   RO          750    .ARM.Collect$$libinit$$0000000E  c_w.l(libinit2.o)
    0x08000212   0x00000006   Code   RO          751    .ARM.Collect$$libinit$$0000000F  c_w.l(libinit2.o)
    0x08000218   0x00000000   Code   RO          753    .ARM.Collect$$libinit$$00000011  c_w.l(libinit2.o)
    0x08000218   0x00000000   Code   RO          755    .ARM.Collect$$libinit$$00000013  c_w.l(libinit2.o)
    0x08000218   0x00000000   Code   RO          757    .ARM.Collect$$libinit$$00000015  c_w.l(libinit2.o)
    0x08000218   0x0000000a   Code   RO          758    .ARM.Collect$$libinit$$00000016  c_w.l(libinit2.o)
    0x08000222   0x00000000   Code   RO          759    .ARM.Collect$$libinit$$00000017  c_w.l(libinit2.o)
    0x08000222   0x00000000   Code   RO          761    .ARM.Collect$$libinit$$00000019  c_w.l(libinit2.o)
    0x08000222   0x00000000   Code   RO          763    .ARM.Collect$$libinit$$0000001B  c_w.l(libinit2.o)
    0x08000222   0x00000000   Code   RO          765    .ARM.Collect$$libinit$$0000001D  c_w.l(libinit2.o)
    0x08000222   0x00000000   Code   RO          767    .ARM.Collect$$libinit$$0000001F  c_w.l(libinit2.o)
    0x08000222   0x00000000   Code   RO          769    .ARM.Collect$$libinit$$00000021  c_w.l(libinit2.o)
    0x08000222   0x00000000   Code   RO          771    .ARM.Collect$$libinit$$00000023  c_w.l(libinit2.o)
    0x08000222   0x00000000   Code   RO          773    .ARM.Collect$$libinit$$00000025  c_w.l(libinit2.o)
    0x08000222   0x00000000   Code   RO          777    .ARM.Collect$$libinit$$0000002C  c_w.l(libinit2.o)
    0x08000222   0x00000000   Code   RO          779    .ARM.Collect$$libinit$$0000002E  c_w.l(libinit2.o)
    0x08000222   0x00000000   Code   RO          781    .ARM.Collect$$libinit$$00000030  c_w.l(libinit2.o)
    0x08000222   0x00000000   Code   RO          783    .ARM.Collect$$libinit$$00000032  c_w.l(libinit2.o)
    0x08000222   0x00000002   Code   RO          784    .ARM.Collect$$libinit$$00000033  c_w.l(libinit2.o)
    0x08000224   0x00000002   Code   RO          812    .ARM.Collect$$libshutdown$$00000000  c_w.l(libshutdown.o)
    0x08000226   0x00000000   Code   RO          822    .ARM.Collect$$libshutdown$$00000003  c_w.l(libshutdown2.o)
    0x08000226   0x00000000   Code   RO          825    .ARM.Collect$$libshutdown$$00000006  c_w.l(libshutdown2.o)
    0x08000226   0x00000000   Code   RO          828    .ARM.Collect$$libshutdown$$00000009  c_w.l(libshutdown2.o)
    0x08000226   0x00000000   Code   RO          830    .ARM.Collect$$libshutdown$$0000000B  c_w.l(libshutdown2.o)
    0x08000226   0x00000000   Code   RO          833    .ARM.Collect$$libshutdown$$0000000E  c_w.l(libshutdown2.o)
    0x08000226   0x00000002   Code   RO          834    .ARM.Collect$$libshutdown$$0000000F  c_w.l(libshutdown2.o)
    0x08000228   0x00000000   Code   RO          644    .ARM.Collect$$rtentry$$00000000  c_w.l(__rtentry.o)
    0x08000228   0x00000000   Code   RO          664    .ARM.Collect$$rtentry$$00000002  c_w.l(__rtentry2.o)
    0x08000228   0x00000006   Code   RO          676    .ARM.Collect$$rtentry$$00000004  c_w.l(__rtentry4.o)
    0x0800022e   0x00000000   Code   RO          666    .ARM.Collect$$rtentry$$00000009  c_w.l(__rtentry2.o)
    0x0800022e   0x00000004   Code   RO          667    .ARM.Collect$$rtentry$$0000000A  c_w.l(__rtentry2.o)
    0x08000232   0x00000000   Code   RO          669    .ARM.Collect$$rtentry$$0000000C  c_w.l(__rtentry2.o)
    0x08000232   0x00000008   Code   RO          670    .ARM.Collect$$rtentry$$0000000D  c_w.l(__rtentry2.o)
    0x0800023a   0x00000002   Code   RO          785    .ARM.Collect$$rtexit$$00000000  c_w.l(rtexit.o)
    0x0800023c   0x00000000   Code   RO          792    .ARM.Collect$$rtexit$$00000002  c_w.l(rtexit2.o)
    0x0800023c   0x00000004   Code   RO          793    .ARM.Collect$$rtexit$$00000003  c_w.l(rtexit2.o)
    0x08000240   0x00000006   Code   RO          794    .ARM.Collect$$rtexit$$00000004  c_w.l(rtexit2.o)
    0x08000246   0x00000002   PAD
    0x08000248   0x00000150   Code   RO            3    .text               main.o
    0x08000398   0x0000001a   Code   RO          166    .text               stm32f4xx_it.o
    0x080003b2   0x00000002   PAD
    0x080003b4   0x00000210   Code   RO          215    .text               system_stm32f4xx.o
    0x080005c4   0x00000128   Code   RO          241    .text               adc.o
    0x080006ec   0x00004c80   Code   RO          285    .text               lcd.o
    0x0800536c   0x00000104   Code   RO          323    .text               delay.o
    0x08005470   0x0000014c   Code   RO          363    .text               usart.o
    0x080055bc   0x00000040   Code   RO          395    .text               startup_stm32f40_41xxx.o
    0x080055fc   0x000000e0   Code   RO          401    .text               misc.o
    0x080056dc   0x000003a8   Code   RO          421    .text               stm32f4xx_dma.o
    0x08005a84   0x00000294   Code   RO          441    .text               stm32f4xx_gpio.o
    0x08005d18   0x000005c8   Code   RO          461    .text               stm32f4xx_fsmc.o
    0x080062e0   0x00000454   Code   RO          484    .text               stm32f4xx_usart.o
    0x08006734   0x0000065c   Code   RO          524    .text               stm32f4xx_rcc.o
    0x08006d90   0x00000464   Code   RO          546    .text               stm32f4xx_adc.o
    0x080071f4   0x00000002   Code   RO          566    .text               c_w.l(use_no_semi_2.o)
    0x080071f6   0x00000002   PAD
    0x080071f8   0x00000018   Code   RO          572    .text               c_w.l(noretval__2printf.o)
    0x08007210   0x00000028   Code   RO          574    .text               c_w.l(noretval__2sprintf.o)
    0x08007238   0x00000058   Code   RO          581    .text               c_w.l(_printf_hex_int.o)
    0x08007290   0x00000160   Code   RO          614    .text               c_w.l(__printf_ss_wp.o)
    0x080073f0   0x00000006   Code   RO          622    .text               c_w.l(heapauxi.o)
    0x080073f6   0x00000002   Code   RO          642    .text               c_w.l(use_no_semi.o)
    0x080073f8   0x000000b2   Code   RO          645    .text               c_w.l(_printf_intcommon.o)
    0x080074aa   0x0000041a   Code   RO          647    .text               c_w.l(_printf_fp_dec.o)
    0x080078c4   0x00000030   Code   RO          649    .text               c_w.l(_printf_char_common.o)
    0x080078f4   0x0000000a   Code   RO          651    .text               c_w.l(_sputc.o)
    0x080078fe   0x00000002   PAD
    0x08007900   0x00000024   Code   RO          653    .text               c_w.l(_printf_char_file.o)
    0x08007924   0x00000008   Code   RO          681    .text               c_w.l(rt_locale_intlibspace.o)
    0x0800792c   0x0000008a   Code   RO          683    .text               c_w.l(lludiv10.o)
    0x080079b6   0x00000002   PAD
    0x080079b8   0x00000080   Code   RO          685    .text               c_w.l(_printf_fp_infnan.o)
    0x08007a38   0x000000dc   Code   RO          689    .text               c_w.l(bigflt0.o)
    0x08007b14   0x00000008   Code   RO          714    .text               c_w.l(ferror.o)
    0x08007b1c   0x00000008   Code   RO          725    .text               c_w.l(libspace.o)
    0x08007b24   0x0000004a   Code   RO          728    .text               c_w.l(sys_stackheap_outer.o)
    0x08007b6e   0x0000000c   Code   RO          730    .text               c_w.l(exit.o)
    0x08007b7a   0x00000002   PAD
    0x08007b7c   0x00000080   Code   RO          732    .text               c_w.l(strcmpv7m.o)
    0x08007bfc   0x0000003e   Code   RO          692    CL$$btod_d2e        c_w.l(btod.o)
    0x08007c3a   0x00000046   Code   RO          694    CL$$btod_d2e_denorm_low  c_w.l(btod.o)
    0x08007c80   0x00000060   Code   RO          693    CL$$btod_d2e_norm_op1  c_w.l(btod.o)
    0x08007ce0   0x00000338   Code   RO          702    CL$$btod_div_common  c_w.l(btod.o)
    0x08008018   0x000000c6   Code   RO          699    CL$$btod_e2e        c_w.l(btod.o)
    0x080080de   0x00000028   Code   RO          696    CL$$btod_ediv       c_w.l(btod.o)
    0x08008106   0x00000028   Code   RO          695    CL$$btod_emul       c_w.l(btod.o)
    0x0800812e   0x00000244   Code   RO          701    CL$$btod_mult_common  c_w.l(btod.o)
    0x08008372   0x00000030   Code   RO          723    i.__ARM_fpclassify  m_wm.l(fpclassify.o)
    0x080083a2   0x0000000e   Code   RO          609    i._is_digit         c_w.l(__printf_wp.o)
    0x080083b0   0x0000002c   Code   RO          719    locale$$code        c_w.l(lc_numeric_c.o)
    0x080083dc   0x0000005a   Code   RO          626    x$fpl$dfixu         fz_wm.l(dfixu.o)
    0x08008436   0x00000026   Code   RO          630    x$fpl$dfltu         fz_wm.l(dflt_clz.o)
    0x0800845c   0x00000154   Code   RO          636    x$fpl$dmul          fz_wm.l(dmul.o)
    0x080085b0   0x0000009c   Code   RO          656    x$fpl$dnaninf       fz_wm.l(dnaninf.o)
    0x0800864c   0x0000000c   Code   RO          658    x$fpl$dretinf       fz_wm.l(dretinf.o)
    0x08008658   0x00000056   Code   RO          638    x$fpl$f2d           fz_wm.l(f2d.o)
    0x080086ae   0x0000008c   Code   RO          660    x$fpl$fnaninf       fz_wm.l(fnaninf.o)
    0x0800873a   0x0000000a   Code   RO          789    x$fpl$fpinit        fz_wm.l(fpinit.o)
    0x08008744   0x00000004   Code   RO          640    x$fpl$printf1       fz_wm.l(printf1.o)
    0x08008748   0x00000000   Code   RO          662    x$fpl$usenofp       fz_wm.l(usenofp.o)
    0x08008748   0x000017c0   Data   RO          287    .constdata          lcd.o
    0x08009f08   0x0000001c   Data   RO          462    .constdata          stm32f4xx_fsmc.o
    0x08009f24   0x00000028   Data   RO          582    .constdata          c_w.l(_printf_hex_int.o)
    0x08009f4c   0x00000094   Data   RO          690    .constdata          c_w.l(bigflt0.o)
    0x08009fe0   0x00000020   Data   RO          859    Region$$Table       anon$$obj.o
    0x0800a000   0x0000001c   Data   RO          718    locale$$data        c_w.l(lc_numeric_c.o)


    Execution Region RW_IRAM1 (Base: 0x20000000, Size: 0x00000790, Max: 0x00020000, ABSOLUTE)

    Base Addr    Size         Type   Attr      Idx    E Section Name        Object

    0x20000000   0x00000014   Data   RW          216    .data               system_stm32f4xx.o
    0x20000014   0x00000004   Data   RW          288    .data               lcd.o
    0x20000018   0x00000004   Data   RW          324    .data               delay.o
    0x2000001c   0x00000006   Data   RW          365    .data               usart.o
    0x20000022   0x00000010   Data   RW          525    .data               stm32f4xx_rcc.o
    0x20000032   0x00000002   PAD
    0x20000034   0x00000024   Zero   RW            4    .bss                main.o
    0x20000058   0x0000000e   Zero   RW          286    .bss                lcd.o
    0x20000066   0x000000c8   Zero   RW          364    .bss                usart.o
    0x2000012e   0x00000002   PAD
    0x20000130   0x00000060   Zero   RW          726    .bss                c_w.l(libspace.o)
    0x20000190   0x00000200   Zero   RW          393    HEAP                startup_stm32f40_41xxx.o
    0x20000390   0x00000400   Zero   RW          392    STACK               startup_stm32f40_41xxx.o


==============================================================================

Image component sizes


      Code (inc. data)   RO Data    RW Data    ZI Data      Debug   Object Name

       296         16          0          0          0        868   adc.o
       260          8          0          4          0       1405   delay.o
     19584        174       6080          4         14      22186   lcd.o
       336         52          0          0         36     297143   main.o
       224         20          0          0          0       1785   misc.o
        64         26        392          0       1536        816   startup_stm32f40_41xxx.o
      1124         24          0          0          0      10458   stm32f4xx_adc.o
       936         32          0          0          0       6265   stm32f4xx_dma.o
      1480         18         28          0          0       5566   stm32f4xx_fsmc.o
       660         44          0          0          0       4065   stm32f4xx_gpio.o
        26          0          0          0          0       1206   stm32f4xx_it.o
      1628         52          0         16          0      12832   stm32f4xx_rcc.o
      1108         34          0          0          0       7764   stm32f4xx_usart.o
       528         46          0         20          0       1731   system_stm32f4xx.o
       332         18          0          6        200       3262   usart.o

    ----------------------------------------------------------------------
     28588        564       6532         52       1788     377352   Object Totals
         0          0         32          0          0          0   (incl. Generated)
         2          0          0          2          2          0   (incl. Padding)

    ----------------------------------------------------------------------

      Code (inc. data)   RO Data    RW Data    ZI Data      Debug   Library Member Name

         8          0          0          0          0         68   __main.o
       352          0          0          0          0         88   __printf_ss_wp.o
        14          0          0          0          0         68   __printf_wp.o
         0          0          0          0          0          0   __rtentry.o
        12          0          0          0          0          0   __rtentry2.o
         6          0          0          0          0          0   __rtentry4.o
        52          8          0          0          0          0   __scatter.o
        26          0          0          0          0          0   __scatter_copy.o
        28          0          0          0          0          0   __scatter_zi.o
        48          6          0          0          0         96   _printf_char_common.o
        36          4          0          0          0         80   _printf_char_file.o
         6          0          0          0          0          0   _printf_f.o
      1050          0          0          0          0        216   _printf_fp_dec.o
       128         16          0          0          0         84   _printf_fp_infnan.o
        88          4         40          0          0         88   _printf_hex_int.o
       178          0          0          0          0         88   _printf_intcommon.o
         0          0          0          0          0          0   _printf_percent.o
         4          0          0          0          0          0   _printf_percent_end.o
         6          0          0          0          0          0   _printf_x.o
        10          0          0          0          0         68   _sputc.o
       220          4        148          0          0         96   bigflt0.o
      1910        128          0          0          0        672   btod.o
        12          0          0          0          0         72   exit.o
         8          0          0          0          0         68   ferror.o
         6          0          0          0          0        152   heapauxi.o
        44         10         28          0          0         76   lc_numeric_c.o
         2          0          0          0          0          0   libinit.o
        22          0          0          0          0          0   libinit2.o
         2          0          0          0          0          0   libshutdown.o
         2          0          0          0          0          0   libshutdown2.o
         8          4          0          0         96         68   libspace.o
       138          0          0          0          0         80   lludiv10.o
        24          4          0          0          0         84   noretval__2printf.o
        40          6          0          0          0         84   noretval__2sprintf.o
         8          4          0          0          0         68   rt_locale_intlibspace.o
         2          0          0          0          0          0   rtexit.o
        10          0          0          0          0          0   rtexit2.o
       128          0          0          0          0         68   strcmpv7m.o
        74          0          0          0          0         80   sys_stackheap_outer.o
         2          0          0          0          0         68   use_no_semi.o
         2          0          0          0          0         68   use_no_semi_2.o
        90          4          0          0          0        140   dfixu.o
        38          0          0          0          0        116   dflt_clz.o
       340         12          0          0          0        152   dmul.o
       156          4          0          0          0        140   dnaninf.o
        12          0          0          0          0        116   dretinf.o
        86          4          0          0          0        132   f2d.o
       140          4          0          0          0        132   fnaninf.o
        10          0          0          0          0        116   fpinit.o
         4          0          0          0          0        116   printf1.o
         0          0          0          0          0          0   usenofp.o
        48          0          0          0          0        124   fpclassify.o

    ----------------------------------------------------------------------
      5652        226        216          0         96       4032   Library Totals
        12          0          0          0          0          0   (incl. Padding)

    ----------------------------------------------------------------------

      Code (inc. data)   RO Data    RW Data    ZI Data      Debug   Library Name

      4716        198        216          0         96       2748   c_w.l
       876         28          0          0          0       1160   fz_wm.l
        48          0          0          0          0        124   m_wm.l

    ----------------------------------------------------------------------
      5652        226        216          0         96       4032   Library Totals

    ----------------------------------------------------------------------

==============================================================================


      Code (inc. data)   RO Data    RW Data    ZI Data      Debug   

     34240        790       6748         52       1884     375676   Grand Totals
     34240        790       6748         52       1884     375676   ELF Image Totals
     34240        790       6748         52          0          0   ROM Totals

==============================================================================

    Total RO  Size (Code + RO Data)                40988 (  40.03kB)
    Total RW  Size (RW Data + ZI Data)              1936 (   1.89kB)
    Total ROM Size (Code + RO Data + RW Data)      41040 (  40.08kB)

==============================================================================

